
> backend@1.0.0 dev
> nodemon server.js

[nodemon] 3.1.14
[nodemon] to restart at any time, enter `rs`
[nodemon] watching path(s): *.*
[nodemon] watching extensions: js,mjs,cjs,json
[nodemon] starting `node server.js`
◇ injected env (2) from .env // tip: ⌘ enable debugging { debug: true }
🚀 Servidor Controlab H ejecutándose en puerto 5002
📊 Entorno: development
[nodemon] clean exit - waiting for changes before restart
[nodemon] restarting due to changes...
[nodemon] starting `node server.js`
◇ injected env (2) from .env // tip: ⌘ override existing { override: true }
🚀 Servidor Controlab H ejecutándose en puerto 5002
📊 Entorno: development
[nodemon] restarting due to changes...
[nodemon] starting `node server.js`
◇ injected env (2) from .env // tip: ⌁ auth for agents [www.vestauth.com]
🚀 Servidor Controlab H ejecutándose en puerto 5002
📊 Entorno: development
[nodemon] clean exit - waiting for changes before restart
[nodemon] restarting due to changes...
[nodemon] starting `node server.js`
◇ injected env (2) from .env // tip: ⌘ suppress logs { quiet: true }
🚀 Servidor Controlab H ejecutándose en puerto 5002
📊 Entorno: development
[nodemon] restarting due to changes...
[nodemon] starting `node server.js`
◇ injected env (2) from .env // tip: ⌘ suppress logs { quiet: true }
🚀 Servidor Controlab H ejecutándose en puerto 5002
📊 Entorno: development
[nodemon] clean exit - waiting for changes before restart
[nodemon] restarting due to changes...
[nodemon] starting `node server.js`
◇ injected env (2) from .env // tip: ⌘ multiple files { path: ['.env.local', '.env'] }
🚀 Servidor Controlab H ejecutándose en puerto 5002
📊 Entorno: development
[nodemon] restarting due to changes...
[nodemon] starting `node server.js`
◇ injected env (2) from .env // tip: ⌘ enable debugging { debug: true }
🚀 Servidor Controlab H ejecutándose en puerto 5002
📊 Entorno: development
[nodemon] clean exit - waiting for changes before restart
[nodemon] restarting due to changes...
[nodemon] starting `node server.js`
◇ injected env (2) from .env // tip: ⌘ enable debugging { debug: true }
🚀 Servidor Controlab H ejecutándose en puerto 5002
📊 Entorno: development
[nodemon] restarting due to changes...
[nodemon] starting `node server.js`
◇ injected env (2) from .env // tip: ⌘ suppress logs { quiet: true }
🚀 Servidor Controlab H ejecutándose en puerto 5002
📊 Entorno: development
[nodemon] clean exit - waiting for changes before restart
[nodemon] restarting due to changes...
[nodemon] starting `node server.js`
◇ injected env (2) from .env // tip: ◈ secrets for agents [www.dotenvx.com]
🚀 Servidor Controlab H ejecutándose en puerto 5002
📊 Entorno: development
🔬 Obteniendo exámenes humanos...
👥 Obteniendo pacientes...
📋 Obteniendo catálogos humanos...
🔬 Obteniendo exámenes humanos...
👥 Obteniendo pacientes...
📋 Obteniendo catálogos humanos...
🔬 Obteniendo exámenes humanos...
🔬 Obteniendo exámenes humanos...
👥 Obteniendo pacientes...
👥 Obteniendo pacientes...
📋 Obteniendo catálogos humanos...
📋 Obteniendo catálogos humanos...
👥 Obteniendo pacientes...
👥 Obteniendo pacientes...
➕ Creando paciente: Christian  urbina
👥 Obteniendo pacientes...
🔬 Obteniendo exámenes humanos...
🔬 Obteniendo exámenes humanos...
🔬 Obteniendo exámenes humanos...
🔬 Obteniendo exámenes humanos...
👥 Obteniendo pacientes...
👥 Obteniendo pacientes...
📋 Obteniendo catálogos humanos...
📋 Obteniendo catálogos humanos...
📋 Obteniendo catálogos humanos...
📋 Obteniendo catálogos humanos...
👥 Obteniendo pacientes...
👥 Obteniendo pacientes...
👥 Obteniendo pacientes...
👥 Obteniendo pacientes...
👥 Obteniendo pacientes...
👥 Obteniendo pacientes...
👥 Obteniendo pacientes...
👥 Obteniendo pacientes...
👥 Obteniendo pacientes...
➕ Creando paciente: CHRISTIAN  URBINA
❌ Error creando paciente: 
Invalid `prisma.paciente.create()` invocation in
C:\controlab-h\backend\src\modules\human\human.service.js:76:32

  73  * Registra un nuevo paciente
  74  */
  75 async function createPaciente(data) {
→ 76   return await prisma.paciente.create(
Unique constraint failed on the constraint: `dbo.pacientes_h`
🔬 Obteniendo exámenes humanos...
🔬 Obteniendo exámenes humanos...
👥 Obteniendo pacientes...
📋 Obteniendo catálogos humanos...
👥 Obteniendo pacientes...
📋 Obteniendo catálogos humanos...
🔬 Obteniendo exámenes humanos...
🔬 Obteniendo exámenes humanos...
👥 Obteniendo pacientes...
👥 Obteniendo pacientes...
🔬 Obteniendo exámenes humanos...
🔬 Obteniendo exámenes humanos...
🔬 Obteniendo exámenes humanos...
🔬 Obteniendo exámenes humanos...
👥 Obteniendo pacientes...
👥 Obteniendo pacientes...
📋 Obteniendo catálogos humanos...
📋 Obteniendo catálogos humanos...
📋 Obteniendo catálogos humanos...
📋 Obteniendo catálogos humanos...
👥 Obteniendo pacientes...
👥 Obteniendo pacientes...
➕ Creando orden de examen humano...
🔬 Obteniendo exámenes humanos...
🔬 Obteniendo exámenes humanos...
👥 Obteniendo pacientes...
👥 Obteniendo pacientes...
📋 Obteniendo catálogos humanos...
📋 Obteniendo catálogos humanos...
🔬 Obteniendo exámenes humanos...
🔬 Obteniendo exámenes humanos...
🔬 Obteniendo exámenes humanos...
🔬 Obteniendo exámenes humanos...
🔬 Obteniendo exámenes humanos...
👥 Obteniendo pacientes...
👥 Obteniendo pacientes...
📋 Obteniendo catálogos humanos...
📋 Obteniendo catálogos humanos...
👥 Obteniendo pacientes...
👥 Obteniendo pacientes...
🔬 Obteniendo exámenes humanos...
🔬 Obteniendo exámenes humanos...
👥 Obteniendo pacientes...
📋 Obteniendo catálogos humanos...
👥 Obteniendo pacientes...
📋 Obteniendo catálogos humanos...
📋 Obteniendo catálogos humanos...
📋 Obteniendo catálogos humanos...
👥 Obteniendo pacientes...
👥 Obteniendo pacientes...
👥 Obteniendo pacientes...
👥 Obteniendo pacientes...
👥 Obteniendo pacientes...
➕ Creando paciente: GIANFRANCO  URBINA
👥 Obteniendo pacientes...
🔬 Obteniendo exámenes humanos...
🔬 Obteniendo exámenes humanos...
👥 Obteniendo pacientes...
📋 Obteniendo catálogos humanos...
👥 Obteniendo pacientes...
📋 Obteniendo catálogos humanos...
📋 Obteniendo catálogos humanos...
📋 Obteniendo catálogos humanos...
👥 Obteniendo pacientes...
➕ Creando orden de examen humano...
🔬 Obteniendo exámenes humanos...
🔬 Obteniendo exámenes humanos...
👥 Obteniendo pacientes...
👥 Obteniendo pacientes...
📋 Obteniendo catálogos humanos...
📋 Obteniendo catálogos humanos...
🔬 Obteniendo exámenes humanos...
🔬 Obteniendo exámenes humanos...
🔬 Obteniendo exámenes humanos...
🔬 Obteniendo exámenes humanos...
🔬 Obteniendo exámenes humanos...
👥 Obteniendo pacientes...
📋 Obteniendo catálogos humanos...
👥 Obteniendo pacientes...
📋 Obteniendo catálogos humanos...
🔬 Obteniendo examen ID: 959678
💾 Guardando resultados para examen ID: 959678
🔬 Obteniendo exámenes humanos...
👥 Obteniendo pacientes...
📋 Obteniendo catálogos humanos...
🔬 Obteniendo examen ID: 959677
🔬 Obteniendo examen ID: 959675
💾 Guardando resultados para examen ID: 959675
🔬 Obteniendo exámenes humanos...
👥 Obteniendo pacientes...
📋 Obteniendo catálogos humanos...
