
> controlab-ia-backend@1.0.0 dev
> nodemon server.js

[nodemon] 3.1.10
[nodemon] to restart at any time, enter `rs`
[nodemon] watching path(s): *.*
[nodemon] watching extensions: js,mjs,cjs,json
[nodemon] starting `node server.js`
🚀 Servidor Controlab - IA ejecutándose en puerto 5000
📊 Entorno: development
👥 Obteniendo pacientes...
👥 Obteniendo pacientes...
🔬 Obteniendo exámenes humanos...
📋 Obteniendo catálogos humanos...
📋 Obteniendo catálogos humanos...
🔬 Obteniendo exámenes humanos...
👥 Obteniendo pacientes...
❌ Error obteniendo exámenes humanos: 
Invalid `prisma.examenHumano.findMany()` invocation in
C:\controlab-ia\backend\src\modules\human\human.service.js:182:46

  179 if (pacienteId) where.paciente_id = parseInt(pacienteId, 10);
  180 if (estado) where.estado = estado;
  181 
→ 182 const examenes = await prisma.examenHumano.findMany(
Failed to convert rust `String` into napi `string`
❌ Error obteniendo exámenes humanos: 
Invalid `prisma.examenHumano.findMany()` invocation in
C:\controlab-ia\backend\src\modules\human\human.service.js:182:46

  179 if (pacienteId) where.paciente_id = parseInt(pacienteId, 10);
  180 if (estado) where.estado = estado;
  181 
→ 182 const examenes = await prisma.examenHumano.findMany(
Failed to convert rust `String` into napi `string`
👥 Obteniendo pacientes...
👥 Obteniendo pacientes...
👥 Obteniendo pacientes...
👥 Obteniendo pacientes...
🔬 Obteniendo exámenes humanos...
📋 Obteniendo catálogos humanos...
📋 Obteniendo catálogos humanos...
🏢 Obteniendo laboratorios de referencia...
🏢 Obteniendo laboratorios de referencia...
🔬 Obteniendo exámenes humanos...
🔬 Obteniendo exámenes humanos...
🔬 Obteniendo exámenes humanos...
❌ Error obteniendo exámenes humanos: 
Invalid `prisma.examenHumano.findMany()` invocation in
C:\controlab-ia\backend\src\modules\human\human.service.js:182:46

  179 if (pacienteId) where.paciente_id = parseInt(pacienteId, 10);
  180 if (estado) where.estado = estado;
  181 
→ 182 const examenes = await prisma.examenHumano.findMany(
Failed to convert rust `String` into napi `string`
[nodemon] restarting due to changes...
[nodemon] starting `node server.js`
🚀 Servidor Controlab - IA ejecutándose en puerto 5000
📊 Entorno: development
🔬 Obteniendo exámenes humanos...
[nodemon] restarting due to changes...
[nodemon] starting `node server.js`
🚀 Servidor Controlab - IA ejecutándose en puerto 5000
📊 Entorno: development
[nodemon] restarting due to changes...
[nodemon] starting `node server.js`
🚀 Servidor Controlab - IA ejecutándose en puerto 5000
📊 Entorno: development
🔬 Obteniendo exámenes humanos...
📋 Obteniendo catálogos humanos...
📋 Obteniendo catálogos humanos...
👥 Obteniendo pacientes...
🔬 Obteniendo exámenes humanos...
➕ Creando orden de examen humano...
🔬 Obteniendo exámenes humanos...
👥 Obteniendo pacientes...
👥 Obteniendo pacientes...
📋 Obteniendo catálogos humanos...
📋 Obteniendo catálogos humanos...
🔬 Obteniendo exámenes humanos...
🔬 Obteniendo exámenes humanos...
🔬 Obteniendo exámenes humanos...
👥 Obteniendo pacientes...
👥 Obteniendo pacientes...
👥 Obteniendo pacientes...
❌ Error obteniendo exámenes humanos: 
Invalid `prisma.examenHumano.findMany()` invocation in
C:\controlab-ia\backend\src\modules\human\human.service.js:182:46

  179 if (pacienteId) where.paciente_id = parseInt(pacienteId, 10);
  180 if (estado) where.estado = estado;
  181 
→ 182 const examenes = await prisma.examenHumano.findMany(
Failed to convert rust `String` into napi `string`
👥 Obteniendo pacientes...
❌ Error obteniendo exámenes humanos: 
Invalid `prisma.examenHumano.findMany()` invocation in
C:\controlab-ia\backend\src\modules\human\human.service.js:182:46

  179 if (pacienteId) where.paciente_id = parseInt(pacienteId, 10);
  180 if (estado) where.estado = estado;
  181 
→ 182 const examenes = await prisma.examenHumano.findMany(
Failed to convert rust `String` into napi `string`
👥 Obteniendo pacientes...
👥 Obteniendo pacientes...
👥 Obteniendo pacientes...
👥 Obteniendo pacientes...
👥 Obteniendo pacientes...
👥 Obteniendo pacientes...
👥 Obteniendo pacientes...
🔬 Obteniendo exámenes humanos...
🔬 Obteniendo exámenes humanos...
❌ Error obteniendo exámenes humanos: 
Invalid `prisma.examenHumano.findMany()` invocation in
C:\controlab-ia\backend\src\modules\human\human.service.js:182:46

  179 if (pacienteId) where.paciente_id = parseInt(pacienteId, 10);
  180 if (estado) where.estado = estado;
  181 
→ 182 const examenes = await prisma.examenHumano.findMany(
Failed to convert rust `String` into napi `string`
❌ Error obteniendo exámenes humanos: 
Invalid `prisma.examenHumano.findMany()` invocation in
C:\controlab-ia\backend\src\modules\human\human.service.js:182:46

  179 if (pacienteId) where.paciente_id = parseInt(pacienteId, 10);
  180 if (estado) where.estado = estado;
  181 
→ 182 const examenes = await prisma.examenHumano.findMany(
Failed to convert rust `String` into napi `string`
📋 Obteniendo catálogos humanos...
👥 Obteniendo pacientes...
🔬 Obteniendo exámenes humanos...
🔬 Obteniendo exámenes humanos...
❌ Error obteniendo exámenes humanos: 
Invalid `prisma.examenHumano.findMany()` invocation in
C:\controlab-ia\backend\src\modules\human\human.service.js:182:46

  179 if (pacienteId) where.paciente_id = parseInt(pacienteId, 10);
  180 if (estado) where.estado = estado;
  181 
→ 182 const examenes = await prisma.examenHumano.findMany(
Failed to convert rust `String` into napi `string`
❌ Error obteniendo exámenes humanos: 
Invalid `prisma.examenHumano.findMany()` invocation in
C:\controlab-ia\backend\src\modules\human\human.service.js:182:46

  179 if (pacienteId) where.paciente_id = parseInt(pacienteId, 10);
  180 if (estado) where.estado = estado;
  181 
→ 182 const examenes = await prisma.examenHumano.findMany(
Failed to convert rust `String` into napi `string`
📋 Obteniendo catálogos humanos...
👥 Obteniendo pacientes...
🔬 Obteniendo exámenes humanos...
🔬 Obteniendo exámenes humanos...
[nodemon] restarting due to changes...
[nodemon] restarting due to changes...
[nodemon] starting `node server.js`
🚀 Servidor Controlab - IA ejecutándose en puerto 5000
📊 Entorno: development
