
> backend@1.0.0 dev
> nodemon server.js

[nodemon] 3.1.14
[nodemon] to restart at any time, enter `rs`
[nodemon] watching path(s): *.*
[nodemon] watching extensions: js,mjs,cjs,json
[nodemon] starting `node server.js`
◇ injected env (2) from .env // tip: ⌘ suppress logs { quiet: true }
🚀 Servidor Controlab H ejecutándose en puerto 5002
📊 Entorno: development
[nodemon] clean exit - waiting for changes before restart
[nodemon] restarting due to changes...
[nodemon] starting `node server.js`
[nodemon] restarting due to changes...
[nodemon] restarting due to changes...
[nodemon] restarting due to changes...
[nodemon] restarting due to changes...
[nodemon] restarting due to changes...
[nodemon] starting `node server.js`
◇ injected env (2) from .env // tip: ⌘ multiple files { path: ['.env.local', '.env'] }
🚀 Servidor Controlab H ejecutándose en puerto 5002
📊 Entorno: development
[nodemon] clean exit - waiting for changes before restart
[nodemon] restarting due to changes...
[nodemon] starting `node server.js`
[nodemon] restarting due to changes...
[nodemon] starting `node server.js`
◇ injected env (2) from .env // tip: ⌘ suppress logs { quiet: true }
🚀 Servidor Controlab H ejecutándose en puerto 5002
📊 Entorno: development
[nodemon] clean exit - waiting for changes before restart
[nodemon] restarting due to changes...
[nodemon] starting `node server.js`
◇ injected env (2) from .env // tip: ⌘ override existing { override: true }
node:internal/modules/cjs/loader:1424
  throw err;
  ^

Error: Cannot find module 'jsonwebtoken'
Require stack:
- C:\controlab-h\backend\controllers\authController.js
- C:\controlab-h\backend\routes\auth.js
- C:\controlab-h\backend\server.js
    at Module._resolveFilename (node:internal/modules/cjs/loader:1421:15)
    at defaultResolveImpl (node:internal/modules/cjs/loader:1059:19)
    at resolveForCJSWithHooks (node:internal/modules/cjs/loader:1064:22)
    at Module._load (node:internal/modules/cjs/loader:1227:37)
    at TracingChannel.traceSync (node:diagnostics_channel:328:14)
    at wrapModuleLoad (node:internal/modules/cjs/loader:245:24)
    at Module.require (node:internal/modules/cjs/loader:1504:12)
    at require (node:internal/modules/helpers:152:16)
    at Object.<anonymous> (C:\controlab-h\backend\controllers\authController.js:1:13)
    at Module._compile (node:internal/modules/cjs/loader:1761:14) {
  code: 'MODULE_NOT_FOUND',
  requireStack: [
    'C:\\controlab-h\\backend\\controllers\\authController.js',
    'C:\\controlab-h\\backend\\routes\\auth.js',
    'C:\\controlab-h\\backend\\server.js'
  ]
}

Node.js v24.12.0
[nodemon] app crashed - waiting for file changes before starting...
[nodemon] restarting due to changes...
[nodemon] starting `node server.js`
◇ injected env (2) from .env // tip: ◈ encrypted .env [www.dotenvx.com]
node:internal/modules/cjs/loader:1424
  throw err;
  ^

Error: Cannot find module 'jsonwebtoken'
Require stack:
- C:\controlab-h\backend\controllers\authController.js
- C:\controlab-h\backend\routes\auth.js
- C:\controlab-h\backend\server.js
    at Module._resolveFilename (node:internal/modules/cjs/loader:1421:15)
    at defaultResolveImpl (node:internal/modules/cjs/loader:1059:19)
    at resolveForCJSWithHooks (node:internal/modules/cjs/loader:1064:22)
    at Module._load (node:internal/modules/cjs/loader:1227:37)
    at TracingChannel.traceSync (node:diagnostics_channel:328:14)
    at wrapModuleLoad (node:internal/modules/cjs/loader:245:24)
    at Module.require (node:internal/modules/cjs/loader:1504:12)
    at require (node:internal/modules/helpers:152:16)
    at Object.<anonymous> (C:\controlab-h\backend\controllers\authController.js:1:13)
    at Module._compile (node:internal/modules/cjs/loader:1761:14) {
  code: 'MODULE_NOT_FOUND',
  requireStack: [
    'C:\\controlab-h\\backend\\controllers\\authController.js',
    'C:\\controlab-h\\backend\\routes\\auth.js',
    'C:\\controlab-h\\backend\\server.js'
  ]
}

Node.js v24.12.0
[nodemon] app crashed - waiting for file changes before starting...
[nodemon] restarting due to changes...
[nodemon] starting `node server.js`
◇ injected env (2) from .env // tip: ⌘ multiple files { path: ['.env.local', '.env'] }
node:internal/modules/cjs/loader:1424
  throw err;
  ^

Error: Cannot find module 'jsonwebtoken'
Require stack:
- C:\controlab-h\backend\controllers\authController.js
- C:\controlab-h\backend\routes\auth.js
- C:\controlab-h\backend\server.js
    at Module._resolveFilename (node:internal/modules/cjs/loader:1421:15)
    at defaultResolveImpl (node:internal/modules/cjs/loader:1059:19)
    at resolveForCJSWithHooks (node:internal/modules/cjs/loader:1064:22)
    at Module._load (node:internal/modules/cjs/loader:1227:37)
    at TracingChannel.traceSync (node:diagnostics_channel:328:14)
    at wrapModuleLoad (node:internal/modules/cjs/loader:245:24)
    at Module.require (node:internal/modules/cjs/loader:1504:12)
    at require (node:internal/modules/helpers:152:16)
    at Object.<anonymous> (C:\controlab-h\backend\controllers\authController.js:1:13)
    at Module._compile (node:internal/modules/cjs/loader:1761:14) {
  code: 'MODULE_NOT_FOUND',
  requireStack: [
    'C:\\controlab-h\\backend\\controllers\\authController.js',
    'C:\\controlab-h\\backend\\routes\\auth.js',
    'C:\\controlab-h\\backend\\server.js'
  ]
}

Node.js v24.12.0
[nodemon] app crashed - waiting for file changes before starting...
[nodemon] restarting due to changes...
[nodemon] starting `node server.js`
C:\controlab-h\backend\server.js:32
});/
    

SyntaxError: Invalid or unexpected token
    at wrapSafe (node:internal/modules/cjs/loader:1692:18)
    at Module._compile (node:internal/modules/cjs/loader:1735:20)
    at Object..js (node:internal/modules/cjs/loader:1893:10)
    at Module.load (node:internal/modules/cjs/loader:1481:32)
    at Module._load (node:internal/modules/cjs/loader:1300:12)
    at TracingChannel.traceSync (node:diagnostics_channel:328:14)
    at wrapModuleLoad (node:internal/modules/cjs/loader:245:24)
    at Module.executeUserEntryPoint [as runMain] (node:internal/modules/run_main:154:5)
    at node:internal/main/run_main_module:33:47

Node.js v24.12.0
[nodemon] app crashed - waiting for file changes before starting...
[nodemon] restarting due to changes...
[nodemon] starting `node server.js`
◇ injected env (2) from .env // tip: ⌘ override existing { override: true }
node:internal/modules/cjs/loader:1424
  throw err;
  ^

Error: Cannot find module 'jsonwebtoken'
Require stack:
- C:\controlab-h\backend\controllers\authController.js
- C:\controlab-h\backend\routes\auth.js
- C:\controlab-h\backend\server.js
    at Module._resolveFilename (node:internal/modules/cjs/loader:1421:15)
    at defaultResolveImpl (node:internal/modules/cjs/loader:1059:19)
    at resolveForCJSWithHooks (node:internal/modules/cjs/loader:1064:22)
    at Module._load (node:internal/modules/cjs/loader:1227:37)
    at TracingChannel.traceSync (node:diagnostics_channel:328:14)
    at wrapModuleLoad (node:internal/modules/cjs/loader:245:24)
    at Module.require (node:internal/modules/cjs/loader:1504:12)
    at require (node:internal/modules/helpers:152:16)
    at Object.<anonymous> (C:\controlab-h\backend\controllers\authController.js:1:13)
    at Module._compile (node:internal/modules/cjs/loader:1761:14) {
  code: 'MODULE_NOT_FOUND',
  requireStack: [
    'C:\\controlab-h\\backend\\controllers\\authController.js',
    'C:\\controlab-h\\backend\\routes\\auth.js',
    'C:\\controlab-h\\backend\\server.js'
  ]
}

Node.js v24.12.0
[nodemon] app crashed - waiting for file changes before starting...
[nodemon] restarting due to changes...
[nodemon] starting `node server.js`
[nodemon] restarting due to changes...
[nodemon] starting `node server.js`
◇ injected env (2) from .env // tip: ⌘ multiple files { path: ['.env.local', '.env'] }
node:internal/modules/cjs/loader:1424
  throw err;
  ^

Error: Cannot find module '../middleware/auth'
Require stack:
- C:\controlab-h\backend\routes\auth.js
- C:\controlab-h\backend\server.js
    at Module._resolveFilename (node:internal/modules/cjs/loader:1421:15)
    at defaultResolveImpl (node:internal/modules/cjs/loader:1059:19)
    at resolveForCJSWithHooks (node:internal/modules/cjs/loader:1064:22)
    at Module._load (node:internal/modules/cjs/loader:1227:37)
    at TracingChannel.traceSync (node:diagnostics_channel:328:14)
    at wrapModuleLoad (node:internal/modules/cjs/loader:245:24)
    at Module.require (node:internal/modules/cjs/loader:1504:12)
    at require (node:internal/modules/helpers:152:16)
    at Object.<anonymous> (C:\controlab-h\backend\routes\auth.js:6:28)
    at Module._compile (node:internal/modules/cjs/loader:1761:14) {
  code: 'MODULE_NOT_FOUND',
  requireStack: [
    'C:\\controlab-h\\backend\\routes\\auth.js',
    'C:\\controlab-h\\backend\\server.js'
  ]
}

Node.js v24.12.0
[nodemon] app crashed - waiting for file changes before starting...
[nodemon] restarting due to changes...
[nodemon] starting `node server.js`
◇ injected env (2) from .env // tip: ⌘ override existing { override: true }
C:\controlab-h\backend\node_modules\router\lib\route.js:228
        throw new TypeError('argument handler must be a function')
        ^

TypeError: argument handler must be a function
    at Route.<computed> [as get] (C:\controlab-h\backend\node_modules\router\lib\route.js:228:15)
    at Router.<computed> [as get] (C:\controlab-h\backend\node_modules\router\index.js:448:19)
    at Object.<anonymous> (C:\controlab-h\backend\routes\auth.js:9:8)
    at Module._compile (node:internal/modules/cjs/loader:1761:14)
    at Object..js (node:internal/modules/cjs/loader:1893:10)
    at Module.load (node:internal/modules/cjs/loader:1481:32)
    at Module._load (node:internal/modules/cjs/loader:1300:12)
    at TracingChannel.traceSync (node:diagnostics_channel:328:14)
    at wrapModuleLoad (node:internal/modules/cjs/loader:245:24)
    at Module.require (node:internal/modules/cjs/loader:1504:12)

Node.js v24.12.0
[nodemon] app crashed - waiting for file changes before starting...
[nodemon] restarting due to changes...
[nodemon] starting `node server.js`
◇ injected env (2) from .env // tip: ◈ encrypted .env [www.dotenvx.com]
C:\controlab-h\backend\routes\users.js:13
router.use(checkRole('administrador'));
           ^

TypeError: checkRole is not a function
    at Object.<anonymous> (C:\controlab-h\backend\routes\users.js:13:12)
    at Module._compile (node:internal/modules/cjs/loader:1761:14)
    at Object..js (node:internal/modules/cjs/loader:1893:10)
    at Module.load (node:internal/modules/cjs/loader:1481:32)
    at Module._load (node:internal/modules/cjs/loader:1300:12)
    at TracingChannel.traceSync (node:diagnostics_channel:328:14)
    at wrapModuleLoad (node:internal/modules/cjs/loader:245:24)
    at Module.require (node:internal/modules/cjs/loader:1504:12)
    at require (node:internal/modules/helpers:152:16)
    at Object.<anonymous> (C:\controlab-h\backend\server.js:14:21)

Node.js v24.12.0
[nodemon] app crashed - waiting for file changes before starting...
[nodemon] restarting due to changes...
[nodemon] starting `node server.js`
◇ injected env (2) from .env // tip: ◈ secrets for agents [www.dotenvx.com]
🚀 Servidor Controlab H ejecutándose en puerto 5002
📊 Entorno: development
[nodemon] clean exit - waiting for changes before restart
[nodemon] restarting due to changes...
[nodemon] starting `node server.js`
C:\controlab-h\backend\server.js:32
});/
    

SyntaxError: Invalid or unexpected token
    at wrapSafe (node:internal/modules/cjs/loader:1692:18)
    at Module._compile (node:internal/modules/cjs/loader:1735:20)
    at Object..js (node:internal/modules/cjs/loader:1893:10)
    at Module.load (node:internal/modules/cjs/loader:1481:32)
    at Module._load (node:internal/modules/cjs/loader:1300:12)
    at TracingChannel.traceSync (node:diagnostics_channel:328:14)
    at wrapModuleLoad (node:internal/modules/cjs/loader:245:24)
    at Module.executeUserEntryPoint [as runMain] (node:internal/modules/run_main:154:5)
    at node:internal/main/run_main_module:33:47

Node.js v24.12.0
[nodemon] app crashed - waiting for file changes before starting...
[nodemon] restarting due to changes...
[nodemon] starting `node server.js`
◇ injected env (2) from .env // tip: ◈ encrypted .env [www.dotenvx.com]
🚀 Servidor Controlab H ejecutándose en puerto 5002
📊 Entorno: development
[nodemon] clean exit - waiting for changes before restart
