warning: in the working copy of '.gitignore', LF will be replaced by CRLF the next time Git touches it
warning: in the working copy of 'Architectural Audit Of Controlab-AI.md', LF will be replaced by CRLF the next time Git touches it
warning: in the working copy of 'Historial_Prompts_IA.md', LF will be replaced by CRLF the next time Git touches it
warning: in the working copy of 'InventarioAutoProcessor/ExcelParser.cs', LF will be replaced by CRLF the next time Git touches it
warning: in the working copy of 'InventarioAutoProcessor/FileLoggerService.cs', LF will be replaced by CRLF the next time Git touches it
warning: in the working copy of 'InventarioAutoProcessor/FileProcessor.cs', LF will be replaced by CRLF the next time Git touches it
warning: in the working copy of 'InventarioAutoProcessor/IFileParser.cs', LF will be replaced by CRLF the next time Git touches it
warning: in the working copy of 'InventarioAutoProcessor/IInventoryRepository.cs', LF will be replaced by CRLF the next time Git touches it
warning: in the working copy of 'InventarioAutoProcessor/ILoggerService.cs', LF will be replaced by CRLF the next time Git touches it
warning: in the working copy of 'InventarioAutoProcessor/PdfParser.cs', LF will be replaced by CRLF the next time Git touches it
warning: in the working copy of 'InventarioAutoProcessor/bin/Release/ClosedXML.Parser.xml', LF will be replaced by CRLF the next time Git touches it
warning: in the working copy of 'InventarioAutoProcessor/bin/Release/SixLabors.Fonts.xml', LF will be replaced by CRLF the next time Git touches it
warning: in the working copy of 'InventarioAutoProcessor/packages/ClosedXML.Parser.2.0.0/README.md', LF will be replaced by CRLF the next time Git touches it
warning: in the working copy of 'InventarioAutoProcessor/packages/ClosedXML.Parser.2.0.0/lib/netstandard2.0/ClosedXML.Parser.xml', LF will be replaced by CRLF the next time Git touches it
warning: in the working copy of 'InventarioAutoProcessor/packages/ClosedXML.Parser.2.0.0/lib/netstandard2.1/ClosedXML.Parser.xml', LF will be replaced by CRLF the next time Git touches it
warning: in the working copy of 'InventarioAutoProcessor/packages/SixLabors.Fonts.1.0.0/lib/netcoreapp3.1/SixLabors.Fonts.xml', LF will be replaced by CRLF the next time Git touches it
warning: in the working copy of 'InventarioAutoProcessor/packages/SixLabors.Fonts.1.0.0/lib/netstandard2.0/SixLabors.Fonts.xml', LF will be replaced by CRLF the next time Git touches it
warning: in the working copy of 'InventarioAutoProcessor/packages/SixLabors.Fonts.1.0.0/lib/netstandard2.1/SixLabors.Fonts.xml', LF will be replaced by CRLF the next time Git touches it
warning: in the working copy of 'backend/analyze_glicemia.js', LF will be replaced by CRLF the next time Git touches it
warning: in the working copy of 'backend/check-tables.js', LF will be replaced by CRLF the next time Git touches it
warning: in the working copy of 'backend/check_infolab.js', LF will be replaced by CRLF the next time Git touches it
warning: in the working copy of 'backend/check_tables_list.js', LF will be replaced by CRLF the next time Git touches it
warning: in the working copy of 'backend/comment-script.js', LF will be replaced by CRLF the next time Git touches it
warning: in the working copy of 'backend/config/db.js', LF will be replaced by CRLF the next time Git touches it
warning: in the working copy of 'backend/config/multer.js', LF will be replaced by CRLF the next time Git touches it
warning: in the working copy of 'backend/controllers/pruebasController.js', LF will be replaced by CRLF the next time Git touches it
warning: in the working copy of 'backend/curl_test.js', LF will be replaced by CRLF the next time Git touches it
warning: in the working copy of 'backend/fix-minimo.js', LF will be replaced by CRLF the next time Git touches it
warning: in the working copy of 'backend/prisma/seed_human.js', LF will be replaced by CRLF the next time Git touches it
warning: in the working copy of 'backend/routes/legacyRoutes.js', LF will be replaced by CRLF the next time Git touches it
warning: in the working copy of 'backend/scripts/migrar_examenes_infolab.js', LF will be replaced by CRLF the next time Git touches it
warning: in the working copy of 'backend/scripts/migrar_historial_infolab.js', LF will be replaced by CRLF the next time Git touches it
warning: in the working copy of 'backend/server-minimo.js', LF will be replaced by CRLF the next time Git touches it
warning: in the working copy of 'backend/server-minimo2.js', LF will be replaced by CRLF the next time Git touches it
warning: in the working copy of 'backend/services/dashboardService.js', LF will be replaced by CRLF the next time Git touches it
warning: in the working copy of 'backend/services/inventoryService.js', LF will be replaced by CRLF the next time Git touches it
warning: in the working copy of 'backend/services/movementsService.js', LF will be replaced by CRLF the next time Git touches it
warning: in the working copy of 'backend/services/pruebasService.js', LF will be replaced by CRLF the next time Git touches it
warning: in the working copy of 'backend/services/reportService.js', LF will be replaced by CRLF the next time Git touches it
warning: in the working copy of 'backend/src/core/prisma.js', LF will be replaced by CRLF the next time Git touches it
warning: in the working copy of 'backend/src/modules/agent/agent.controller.js', LF will be replaced by CRLF the next time Git touches it
warning: in the working copy of 'backend/src/modules/agent/agent.routes.js', LF will be replaced by CRLF the next time Git touches it
warning: in the working copy of 'backend/src/modules/agent/agent.service.js', LF will be replaced by CRLF the next time Git touches it
warning: in the working copy of 'backend/src/modules/agent/tools/costTools.js', LF will be replaced by CRLF the next time Git touches it
warning: in the working copy of 'backend/src/modules/agent/tools/inventoryTools.js', LF will be replaced by CRLF the next time Git touches it
warning: in the working copy of 'backend/src/modules/ai-assistant/ai.controller.js', LF will be replaced by CRLF the next time Git touches it
warning: in the working copy of 'backend/src/modules/ai-assistant/ai.routes.js', LF will be replaced by CRLF the next time Git touches it
warning: in the working copy of 'backend/src/modules/ai-assistant/ai.service.js', LF will be replaced by CRLF the next time Git touches it
warning: in the working copy of 'backend/src/modules/costos/costos.controller.js', LF will be replaced by CRLF the next time Git touches it
warning: in the working copy of 'backend/src/modules/costos/costos.routes.js', LF will be replaced by CRLF the next time Git touches it
warning: in the working copy of 'backend/src/modules/costos/costos.service.js', LF will be replaced by CRLF the next time Git touches it
warning: in the working copy of 'backend/src/modules/inventory/inventory.controller.js', LF will be replaced by CRLF the next time Git touches it
warning: in the working copy of 'backend/src/modules/inventory/inventory.repository.js', LF will be replaced by CRLF the next time Git touches it
warning: in the working copy of 'backend/src/modules/inventory/inventory.routes.js', LF will be replaced by CRLF the next time Git touches it
warning: in the working copy of 'backend/src/modules/inventory/inventory.service.js', LF will be replaced by CRLF the next time Git touches it
warning: in the working copy of 'backend/src/modules/purchases/purchases.controller.js', LF will be replaced by CRLF the next time Git touches it
warning: in the working copy of 'backend/src/modules/purchases/purchases.repository.js', LF will be replaced by CRLF the next time Git touches it
warning: in the working copy of 'backend/src/modules/purchases/purchases.routes.js', LF will be replaced by CRLF the next time Git touches it
warning: in the working copy of 'backend/src/modules/purchases/purchases.service.js', LF will be replaced by CRLF the next time Git touches it
warning: in the working copy of 'backend/test_agent.js', LF will be replaced by CRLF the next time Git touches it
warning: in the working copy of 'backend/test_consumption.js', LF will be replaced by CRLF the next time Git touches it
warning: in the working copy of 'backend/test_cost_formulas.js', LF will be replaced by CRLF the next time Git touches it
warning: in the working copy of 'backend/test_gemini.js', LF will be replaced by CRLF the next time Git touches it
warning: in the working copy of 'backend/test_margin.js', LF will be replaced by CRLF the next time Git touches it
warning: in the working copy of 'backend/test_models.js', LF will be replaced by CRLF the next time Git touches it
warning: in the working copy of 'backend/test_post_route.js', LF will be replaced by CRLF the next time Git touches it
warning: in the working copy of 'backend/test_purchases.js', LF will be replaced by CRLF the next time Git touches it
warning: in the working copy of 'controlab-installer.iss', LF will be replaced by CRLF the next time Git touches it
warning: in the working copy of 'frontend/src/components/Layout/Sidebar.js', LF will be replaced by CRLF the next time Git touches it
warning: in the working copy of 'frontend/src/pages/AgentChat/AgentChat.js', LF will be replaced by CRLF the next time Git touches it
warning: in the working copy of 'frontend/src/pages/Compras/DetalleCompra.js', LF will be replaced by CRLF the next time Git touches it
warning: in the working copy of 'frontend/src/pages/Compras/FormularioCompra.jsx', LF will be replaced by CRLF the next time Git touches it
warning: in the working copy of 'frontend/src/pages/Costos/Costos.jsx', LF will be replaced by CRLF the next time Git touches it
warning: in the working copy of 'frontend/src/pages/Reagents/Reagents.js', LF will be replaced by CRLF the next time Git touches it
warning: in the working copy of 'frontend/src/pages/Reports/Reports.js', LF will be replaced by CRLF the next time Git touches it
warning: in the working copy of 'implementation_plan.md', LF will be replaced by CRLF the next time Git touches it
warning: in the working copy of 'iniciar-produccion.bat', LF will be replaced by CRLF the next time Git touches it
warning: in the working copy of 'package-lock.json', LF will be replaced by CRLF the next time Git touches it
warning: in the working copy of 'package.json', LF will be replaced by CRLF the next time Git touches it
warning: in the working copy of 'scratch/find_cows_in_history.js', LF will be replaced by CRLF the next time Git touches it
warning: in the working copy of 'scratch/test_cost_formulas.js', LF will be replaced by CRLF the next time Git touches it
warning: in the working copy of 'scripts/backend/config/database.js', LF will be replaced by CRLF the next time Git touches it
warning: in the working copy of 'scripts/backend/controllers/authController.js', LF will be replaced by CRLF the next time Git touches it
warning: in the working copy of 'scripts/backend/controllers/dashboardController.js', LF will be replaced by CRLF the next time Git touches it
warning: in the working copy of 'scripts/backend/controllers/inventoryController.js', LF will be replaced by CRLF the next time Git touches it
warning: in the working copy of 'scripts/backend/middleware/auth.js', LF will be replaced by CRLF the next time Git touches it
warning: in the working copy of 'scripts/backend/package.json', LF will be replaced by CRLF the next time Git touches it
warning: in the working copy of 'scripts/backend/routes/auth.js', LF will be replaced by CRLF the next time Git touches it
warning: in the working copy of 'scripts/backend/routes/dashboard.js', LF will be replaced by CRLF the next time Git touches it
warning: in the working copy of 'scripts/backend/routes/inventory.js', LF will be replaced by CRLF the next time Git touches it
warning: in the working copy of 'scripts/backend/server.js', LF will be replaced by CRLF the next time Git touches it
warning: in the working copy of 'scripts/frontend/package.json', LF will be replaced by CRLF the next time Git touches it
warning: in the working copy of 'scripts/frontend/public/index.html', LF will be replaced by CRLF the next time Git touches it
warning: in the working copy of 'scripts/frontend/src/App.js', LF will be replaced by CRLF the next time Git touches it
warning: in the working copy of 'scripts/frontend/src/contexts/AuthContext.js', LF will be replaced by CRLF the next time Git touches it
warning: in the working copy of 'scripts/frontend/src/index.js', LF will be replaced by CRLF the next time Git touches it
warning: in the working copy of 'scripts/frontend/src/services/api.js', LF will be replaced by CRLF the next time Git touches it
warning: in the working copy of 'scripts/frontend/src/services/authService.js', LF will be replaced by CRLF the next time Git touches it
warning: in the working copy of 'scripts/package-lock.json', LF will be replaced by CRLF the next time Git touches it
warning: in the working copy of 'scripts/server-minimo.js', LF will be replaced by CRLF the next time Git touches it
warning: in the working copy of 'walkthrough.md', LF will be replaced by CRLF the next time Git touches it
