◇ injected env (0) from .env // tip: ⌁ auth for agents [www.vestauth.com]
[CANS] Iniciando Controlab IA Network Sniffer...
[CANS] Escuchando Analizadores en Puerto: 6001
[CANS] Redirigiendo a Infolab en: 127.0.0.1:5001
[CANS] Servicio Activo y Escuchando.
[+] Nueva conexión de analizador detectada: ::ffff:127.0.0.1:51461
[+] Conexión puente establecida con Infolab.
[IA] ❌ Fallo al enviar al webhook de Controlab: Request failed with status code 404
[IA] ❌ Fallo al enviar al webhook de Controlab: Request failed with status code 404
[IA] ❌ Fallo al enviar al webhook de Controlab: Request failed with status code 404
[IA] ❌ Fallo al enviar al webhook de Controlab: Request failed with status code 404
[IA] ❌ Fallo al enviar al webhook de Controlab: Request failed with status code 404
[IA] ❌ Fallo al enviar al webhook de Controlab: Request failed with status code 404
[IA] ❌ Fallo al enviar al webhook de Controlab: Request failed with status code 404
[IA] ❌ Fallo al enviar al webhook de Controlab: Request failed with status code 404
[IA] ❌ Fallo al enviar al webhook de Controlab: Request failed with status code 404
[IA] ❌ Fallo al enviar al webhook de Controlab: Request failed with status code 404
[IA] ❌ Fallo al enviar al webhook de Controlab: Request failed with status code 404
[IA] ❌ Fallo al enviar al webhook de Controlab: Request failed with status code 404
[IA] ❌ Fallo al enviar al webhook de Controlab: Request failed with status code 404
[IA] ❌ Fallo al enviar al webhook de Controlab: Request failed with status code 404
[IA] ❌ Fallo al enviar al webhook de Controlab: Request failed with status code 404
[IA] ❌ Fallo al enviar al webhook de Controlab: Request failed with status code 404
[IA] ❌ Fallo al enviar al webhook de Controlab: Request failed with status code 404
[IA] ❌ Fallo al enviar al webhook de Controlab: Request failed with status code 404
[IA] ❌ Fallo al enviar al webhook de Controlab: Request failed with status code 404
[IA] ❌ Fallo al enviar al webhook de Controlab: Request failed with status code 404
[IA] ❌ Fallo al enviar al webhook de Controlab: Request failed with status code 404
[IA] ❌ Fallo al enviar al webhook de Controlab: Request failed with status code 404
[IA] ❌ Fallo al enviar al webhook de Controlab: Request failed with status code 404
[IA] ❌ Fallo al enviar al webhook de Controlab: Request failed with status code 404
[IA] ❌ Fallo al enviar al webhook de Controlab: Request failed with status code 404
[IA] ❌ Fallo al enviar al webhook de Controlab: Request failed with status code 404
[IA] ❌ Fallo al enviar al webhook de Controlab: Request failed with status code 404
[IA] ❌ Fallo al enviar al webhook de Controlab: Request failed with status code 404
[IA] ❌ Fallo al enviar al webhook de Controlab: Request failed with status code 404
[IA] ❌ Fallo al enviar al webhook de Controlab: Request failed with status code 404
[IA] ❌ Fallo al enviar al webhook de Controlab: Request failed with status code 404
[IA] ❌ Fallo al enviar al webhook de Controlab: Request failed with status code 404
[IA] ❌ Fallo al enviar al webhook de Controlab: Request failed with status code 404
[IA] ❌ Fallo al enviar al webhook de Controlab: Request failed with status code 404
[IA] ❌ Fallo al enviar al webhook de Controlab: Request failed with status code 404
[IA] ❌ Fallo al enviar al webhook de Controlab: Request failed with status code 404
[IA] ❌ Fallo al enviar al webhook de Controlab: Request failed with status code 404
[IA] ❌ Fallo al enviar al webhook de Controlab: Request failed with status code 404
[IA] ❌ Fallo al enviar al webhook de Controlab: Request failed with status code 404
[IA] ❌ Fallo al enviar al webhook de Controlab: Request failed with status code 404
[IA] ❌ Fallo al enviar al webhook de Controlab: Request failed with status code 404
[IA] ❌ Fallo al enviar al webhook de Controlab: Request failed with status code 404
[IA] ❌ Fallo al enviar al webhook de Controlab: Request failed with status code 404
[IA] ❌ Fallo al enviar al webhook de Controlab: Request failed with status code 404
[IA] ❌ Fallo al enviar al webhook de Controlab: Request failed with status code 404
[IA] ❌ Fallo al enviar al webhook de Controlab: Request failed with status code 404
[IA] ❌ Fallo al enviar al webhook de Controlab: Request failed with status code 404
[IA] ❌ Fallo al enviar al webhook de Controlab: Request failed with status code 404
[IA] ❌ Fallo al enviar al webhook de Controlab: Request failed with status code 404
[IA] ❌ Fallo al enviar al webhook de Controlab: Request failed with status code 404
[IA] ❌ Fallo al enviar al webhook de Controlab: Request failed with status code 404
[IA] ❌ Fallo al enviar al webhook de Controlab: Request failed with status code 404
[IA] ❌ Fallo al enviar al webhook de Controlab: Request failed with status code 404
[IA] ❌ Fallo al enviar al webhook de Controlab: Request failed with status code 404
[IA] ❌ Fallo al enviar al webhook de Controlab: Request failed with status code 404
[IA] ❌ Fallo al enviar al webhook de Controlab: Request failed with status code 404
[IA] ❌ Fallo al enviar al webhook de Controlab: Request failed with status code 404
[IA] ❌ Fallo al enviar al webhook de Controlab: Request failed with status code 404
[IA] ❌ Fallo al enviar al webhook de Controlab: Request failed with status code 404
[IA] ❌ Fallo al enviar al webhook de Controlab: Request failed with status code 404
[IA] ❌ Fallo al enviar al webhook de Controlab: Request failed with status code 404
[IA] ❌ Fallo al enviar al webhook de Controlab: Request failed with status code 404
[IA] ❌ Fallo al enviar al webhook de Controlab: Request failed with status code 404
[IA] ❌ Fallo al enviar al webhook de Controlab: Request failed with status code 404
[IA] ❌ Fallo al enviar al webhook de Controlab: Request failed with status code 404
[IA] ❌ Fallo al enviar al webhook de Controlab: Request failed with status code 404
[IA] ❌ Fallo al enviar al webhook de Controlab: Request failed with status code 404
[IA] ❌ Fallo al enviar al webhook de Controlab: Request failed with status code 404
[IA] ❌ Fallo al enviar al webhook de Controlab: Request failed with status code 404
[IA] ❌ Fallo al enviar al webhook de Controlab: Request failed with status code 404
[IA] ❌ Fallo al enviar al webhook de Controlab: Request failed with status code 404
[IA] ❌ Fallo al enviar al webhook de Controlab: Request failed with status code 404
[IA] ❌ Fallo al enviar al webhook de Controlab: Request failed with status code 404
[IA] ❌ Fallo al enviar al webhook de Controlab: Request failed with status code 404
[IA] ❌ Fallo al enviar al webhook de Controlab: Request failed with status code 404
[IA] ❌ Fallo al enviar al webhook de Controlab: Request failed with status code 404
[IA] ❌ Fallo al enviar al webhook de Controlab: Request failed with status code 404
[IA] ❌ Fallo al enviar al webhook de Controlab: Request failed with status code 404
[IA] ❌ Fallo al enviar al webhook de Controlab: Request failed with status code 404
[IA] ❌ Fallo al enviar al webhook de Controlab: Request failed with status code 404
[IA] ❌ Fallo al enviar al webhook de Controlab: Request failed with status code 404
[IA] ❌ Fallo al enviar al webhook de Controlab: Request failed with status code 404
[IA] ❌ Fallo al enviar al webhook de Controlab: Request failed with status code 404
[IA] ❌ Fallo al enviar al webhook de Controlab: Request failed with status code 404
[IA] ❌ Fallo al enviar al webhook de Controlab: Request failed with status code 404
[IA] ❌ Fallo al enviar al webhook de Controlab: Request failed with status code 404
[IA] ❌ Fallo al enviar al webhook de Controlab: Request failed with status code 404
[IA] ❌ Fallo al enviar al webhook de Controlab: Request failed with status code 404
[IA] ❌ Fallo al enviar al webhook de Controlab: Request failed with status code 404
[IA] ❌ Fallo al enviar al webhook de Controlab: Request failed with status code 404
[IA] ❌ Fallo al enviar al webhook de Controlab: Request failed with status code 404
[IA] ❌ Fallo al enviar al webhook de Controlab: Request failed with status code 404
[IA] ❌ Fallo al enviar al webhook de Controlab: Request failed with status code 404
[IA] ❌ Fallo al enviar al webhook de Controlab: Request failed with status code 404
[IA] ❌ Fallo al enviar al webhook de Controlab: Request failed with status code 404
[IA] ❌ Fallo al enviar al webhook de Controlab: Request failed with status code 404
[IA] ❌ Fallo al enviar al webhook de Controlab: Request failed with status code 404
[IA] ❌ Fallo al enviar al webhook de Controlab: Request failed with status code 404
[IA] ❌ Fallo al enviar al webhook de Controlab: Request failed with status code 404
[IA] ❌ Fallo al enviar al webhook de Controlab: Request failed with status code 404
[!] Error en el socket del analizador: read ECONNRESET
[-] Analizador desconectado.
[-] Infolab cerró la conexión.
