
> backend@1.0.0 dev
> nodemon server.js

[nodemon] 3.1.14
[nodemon] to restart at any time, enter `rs`
[nodemon] watching path(s): *.*
[nodemon] watching extensions: js,mjs,cjs,json
[nodemon] starting `node server.js`
◇ injected env (2) from .env // tip: ◈ secrets for agents [www.dotenvx.com]
🚀 Servidor Controlab H ejecutándose en puerto 5002
📊 Entorno: development
🔑 Login intent: admin
🔑 Login intent: admin
👥 Obteniendo pacientes...
👥 Obteniendo pacientes...
🔬 Obteniendo exámenes humanos...
🔬 Obteniendo exámenes humanos...
👥 Obteniendo pacientes...
👥 Obteniendo pacientes...
📋 Obteniendo catálogos humanos...
📋 Obteniendo catálogos humanos...
🏢 Obteniendo laboratorios de referencia...
🏢 Obteniendo laboratorios de referencia...
🔬 Obteniendo exámenes humanos...
🔬 Obteniendo exámenes humanos...
🔬 Obteniendo exámenes humanos...
🔬 Obteniendo exámenes humanos...
👥 Obteniendo pacientes...
👥 Obteniendo pacientes...
🔬 Obteniendo exámenes humanos...
🔬 Obteniendo exámenes humanos...
👥 Obteniendo pacientes...
👥 Obteniendo pacientes...
📋 Obteniendo catálogos humanos...
📋 Obteniendo catálogos humanos...
📋 Obteniendo catálogos humanos...
📋 Obteniendo catálogos humanos...
👥 Obteniendo pacientes...
➕ Creando orden de examen humano...
🔬 Obteniendo exámenes humanos...
🔬 Obteniendo exámenes humanos...
👥 Obteniendo pacientes...
👥 Obteniendo pacientes...
📋 Obteniendo catálogos humanos...
📋 Obteniendo catálogos humanos...
🔬 Obteniendo examen ID: 959675
🏢 Obteniendo laboratorios de referencia...
🏢 Obteniendo laboratorios de referencia...
👥 Obteniendo pacientes...
[nodemon] restarting due to changes...
[nodemon] starting `node server.js`
◇ injected env (2) from .env // tip: ⌘ multiple files { path: ['.env.local', '.env'] }
🚀 Servidor Controlab H ejecutándose en puerto 5002
📊 Entorno: development
[nodemon] clean exit - waiting for changes before restart
[nodemon] restarting due to changes...
[nodemon] starting `node server.js`
◇ injected env (2) from .env // tip: ◈ secrets for agents [www.dotenvx.com]
🚀 Servidor Controlab H ejecutándose en puerto 5002
📊 Entorno: development
👥 Obteniendo pacientes...
📋 Obteniendo catálogos humanos...
👥 Obteniendo pacientes...
👥 Obteniendo pacientes...
👥 Obteniendo pacientes...
👥 Obteniendo pacientes...
👥 Obteniendo pacientes...
👥 Obteniendo pacientes...
👥 Obteniendo pacientes...
👥 Obteniendo pacientes...
👥 Obteniendo pacientes...
👥 Obteniendo pacientes...
🔬 Obteniendo exámenes humanos...
🔬 Obteniendo exámenes humanos...
👥 Obteniendo pacientes...
👥 Obteniendo pacientes...
📋 Obteniendo catálogos humanos...
📋 Obteniendo catálogos humanos...
🔬 Obteniendo examen ID: 4
🔬 Obteniendo examen ID: 5
🔬 Obteniendo examen ID: 959675
💾 Guardando resultados para examen ID: 959675
🔬 Obteniendo exámenes humanos...
👥 Obteniendo pacientes...
📋 Obteniendo catálogos humanos...
🔬 Obteniendo examen ID: 959675
🔬 Obteniendo exámenes humanos...
🔬 Obteniendo exámenes humanos...
👥 Obteniendo pacientes...
👥 Obteniendo pacientes...
📋 Obteniendo catálogos humanos...
📋 Obteniendo catálogos humanos...
📋 Obteniendo catálogos humanos...
📋 Obteniendo catálogos humanos...
👥 Obteniendo pacientes...
➕ Creando orden de examen humano...
🔬 Obteniendo exámenes humanos...
🔬 Obteniendo exámenes humanos...
👥 Obteniendo pacientes...
👥 Obteniendo pacientes...
📋 Obteniendo catálogos humanos...
📋 Obteniendo catálogos humanos...
👥 Obteniendo pacientes...
👥 Obteniendo pacientes...
🔬 Obteniendo exámenes humanos...
🔬 Obteniendo exámenes humanos...
👥 Obteniendo pacientes...
📋 Obteniendo catálogos humanos...
👥 Obteniendo pacientes...
📋 Obteniendo catálogos humanos...
[nodemon] restarting due to changes...
[nodemon] starting `node server.js`
◇ injected env (2) from .env // tip: ◈ encrypted .env [www.dotenvx.com]
🚀 Servidor Controlab H ejecutándose en puerto 5002
📊 Entorno: development
[nodemon] restarting due to changes...
[nodemon] starting `node server.js`
◇ injected env (2) from .env // tip: ◈ encrypted .env [www.dotenvx.com]
🚀 Servidor Controlab H ejecutándose en puerto 5002
📊 Entorno: development
[nodemon] restarting due to changes...
[nodemon] starting `node server.js`
◇ injected env (2) from .env // tip: ⌘ override existing { override: true }
🚀 Servidor Controlab H ejecutándose en puerto 5002
📊 Entorno: development
[nodemon] clean exit - waiting for changes before restart
[nodemon] restarting due to changes...
[nodemon] starting `node server.js`
◇ injected env (2) from .env // tip: ⌘ enable debugging { debug: true }
🚀 Servidor Controlab H ejecutándose en puerto 5002
📊 Entorno: development
[nodemon] restarting due to changes...
[nodemon] starting `node server.js`
◇ injected env (2) from .env // tip: ◈ encrypted .env [www.dotenvx.com]
🚀 Servidor Controlab H ejecutándose en puerto 5002
📊 Entorno: development
[nodemon] clean exit - waiting for changes before restart
[nodemon] restarting due to changes...
[nodemon] starting `node server.js`
◇ injected env (2) from .env // tip: ⌘ override existing { override: true }
🚀 Servidor Controlab H ejecutándose en puerto 5002
📊 Entorno: development
[nodemon] restarting due to changes...
[nodemon] starting `node server.js`
◇ injected env (2) from .env // tip: ⌁ auth for agents [www.vestauth.com]
🚀 Servidor Controlab H ejecutándose en puerto 5002
📊 Entorno: development
[nodemon] clean exit - waiting for changes before restart
