
> backend@1.0.0 dev
> nodemon server.js

[nodemon] 3.1.14
[nodemon] to restart at any time, enter `rs`
[nodemon] watching path(s): *.*
[nodemon] watching extensions: js,mjs,cjs,json
[nodemon] starting `node server.js`
◇ injected env (2) from .env // tip: ◈ secrets for agents [www.dotenvx.com]
node:internal/modules/cjs/loader:1424
  throw err;
  ^

Error: Cannot find module '../../../middleware/authMiddleware'
Require stack:
- C:\controlab-h\backend\src\modules\human\human.routes.js
- C:\controlab-h\backend\server.js
    at Module._resolveFilename (node:internal/modules/cjs/loader:1421:15)
    at defaultResolveImpl (node:internal/modules/cjs/loader:1059:19)
    at resolveForCJSWithHooks (node:internal/modules/cjs/loader:1064:22)
    at Module._load (node:internal/modules/cjs/loader:1227:37)
    at TracingChannel.traceSync (node:diagnostics_channel:328:14)
    at wrapModuleLoad (node:internal/modules/cjs/loader:245:24)
    at Module.require (node:internal/modules/cjs/loader:1504:12)
    at require (node:internal/modules/helpers:152:16)
    at Object.<anonymous> (C:\controlab-h\backend\src\modules\human\human.routes.js:4:31)
    at Module._compile (node:internal/modules/cjs/loader:1761:14) {
  code: 'MODULE_NOT_FOUND',
  requireStack: [
    'C:\\controlab-h\\backend\\src\\modules\\human\\human.routes.js',
    'C:\\controlab-h\\backend\\server.js'
  ]
}

Node.js v24.12.0
[nodemon] app crashed - waiting for file changes before starting...
[nodemon] restarting due to changes...
[nodemon] starting `node server.js`
◇ injected env (2) from .env // tip: ⌘ suppress logs { quiet: true }
node:internal/modules/cjs/loader:1424
  throw err;
  ^

Error: Cannot find module '../../../middleware/authMiddleware'
Require stack:
- C:\controlab-h\backend\src\modules\human\human.routes.js
- C:\controlab-h\backend\server.js
    at Module._resolveFilename (node:internal/modules/cjs/loader:1421:15)
    at defaultResolveImpl (node:internal/modules/cjs/loader:1059:19)
    at resolveForCJSWithHooks (node:internal/modules/cjs/loader:1064:22)
    at Module._load (node:internal/modules/cjs/loader:1227:37)
    at TracingChannel.traceSync (node:diagnostics_channel:328:14)
    at wrapModuleLoad (node:internal/modules/cjs/loader:245:24)
    at Module.require (node:internal/modules/cjs/loader:1504:12)
    at require (node:internal/modules/helpers:152:16)
    at Object.<anonymous> (C:\controlab-h\backend\src\modules\human\human.routes.js:4:31)
    at Module._compile (node:internal/modules/cjs/loader:1761:14) {
  code: 'MODULE_NOT_FOUND',
  requireStack: [
    'C:\\controlab-h\\backend\\src\\modules\\human\\human.routes.js',
    'C:\\controlab-h\\backend\\server.js'
  ]
}

Node.js v24.12.0
[nodemon] app crashed - waiting for file changes before starting...
[nodemon] restarting due to changes...
[nodemon] starting `node server.js`
C:\controlab-h\backend\server.js:28
/
 

SyntaxError: Invalid or unexpected token
    at wrapSafe (node:internal/modules/cjs/loader:1692:18)
    at Module._compile (node:internal/modules/cjs/loader:1735:20)
    at Object..js (node:internal/modules/cjs/loader:1893:10)
    at Module.load (node:internal/modules/cjs/loader:1481:32)
    at Module._load (node:internal/modules/cjs/loader:1300:12)
    at TracingChannel.traceSync (node:diagnostics_channel:328:14)
    at wrapModuleLoad (node:internal/modules/cjs/loader:245:24)
    at Module.executeUserEntryPoint [as runMain] (node:internal/modules/run_main:154:5)
    at node:internal/main/run_main_module:33:47

Node.js v24.12.0
[nodemon] app crashed - waiting for file changes before starting...
[nodemon] restarting due to changes...
[nodemon] starting `node server.js`
◇ injected env (2) from .env // tip: ◈ secrets for agents [www.dotenvx.com]
node:internal/modules/cjs/loader:1424
  throw err;
  ^

Error: Cannot find module '../../../middleware/authMiddleware'
Require stack:
- C:\controlab-h\backend\src\modules\human\human.routes.js
- C:\controlab-h\backend\server.js
    at Module._resolveFilename (node:internal/modules/cjs/loader:1421:15)
    at defaultResolveImpl (node:internal/modules/cjs/loader:1059:19)
    at resolveForCJSWithHooks (node:internal/modules/cjs/loader:1064:22)
    at Module._load (node:internal/modules/cjs/loader:1227:37)
    at TracingChannel.traceSync (node:diagnostics_channel:328:14)
    at wrapModuleLoad (node:internal/modules/cjs/loader:245:24)
    at Module.require (node:internal/modules/cjs/loader:1504:12)
    at require (node:internal/modules/helpers:152:16)
    at Object.<anonymous> (C:\controlab-h\backend\src\modules\human\human.routes.js:4:31)
    at Module._compile (node:internal/modules/cjs/loader:1761:14) {
  code: 'MODULE_NOT_FOUND',
  requireStack: [
    'C:\\controlab-h\\backend\\src\\modules\\human\\human.routes.js',
    'C:\\controlab-h\\backend\\server.js'
  ]
}

Node.js v24.12.0
[nodemon] app crashed - waiting for file changes before starting...
