Wrote to C:\controlab-h\backend\package.json:

{
  "name": "backend",
  "version": "1.0.0",
  "description": "",
  "main": "index.js",
  "scripts": {
    "test": "echo \"Error: no test specified\" && exit 1"
  },
  "keywords": [],
  "author": "",
  "license": "ISC",
  "type": "commonjs"
}




added 99 packages, and audited 100 packages in 12s

33 packages are looking for funding
  run `npm fund` for details

found 0 vulnerabilities

added 92 packages, and audited 192 packages in 28s

45 packages are looking for funding
  run `npm fund` for details

3 moderate severity vulnerabilities

To address all issues, run:
  npm audit fix

Run `npm audit` for details.
