🔌 Conectando a Infolab...
✅ Conectado a Infolab.
🔄 Obteniendo Pacientes de Infolab...
📦 Encontrados 68584 pacientes.
⏳ Insertando pacientes en Controlab H (Prisma)...
⏳ Insertando 68583 pacientes en batch...
✅ Insertados hasta el índice 5000
✅ Insertados hasta el índice 10000
✅ Insertados hasta el índice 15000
✅ Insertados hasta el índice 20000
✅ Insertados hasta el índice 25000
✅ Insertados hasta el índice 30000
✅ Insertados hasta el índice 35000
✅ Insertados hasta el índice 40000
✅ Insertados hasta el índice 45000
✅ Insertados hasta el índice 50000
✅ Insertados hasta el índice 55000
✅ Insertados hasta el índice 60000
✅ Insertados hasta el índice 65000
✅ Insertados hasta el índice 68583
🎉 Migración de Pacientes completada. Nuevos: 68583, Existentes: 1
🔄 Obteniendo Órdenes/Exámenes de Infolab...
❌ Error en la migración: RequestError: Invalid column name 'Observ'.
    at handleError (C:\controlab-ia\backend\node_modules\mssql\lib\tedious\request.js:384:15)
    at Connection.emit (node:events:508:28)
    at Connection.emit (C:\controlab-ia\backend\node_modules\tedious\lib\connection.js:1040:18)
    at RequestTokenHandler.onErrorMessage (C:\controlab-ia\backend\node_modules\tedious\lib\token\handler.js:365:21)
    at Readable.<anonymous> (C:\controlab-ia\backend\node_modules\tedious\lib\token\token-stream-parser.js:26:33)
    at Readable.emit (node:events:508:28)
    at addChunk (node:internal/streams/readable:559:12)
    at readableAddChunkPushObjectMode (node:internal/streams/readable:536:3)
    at Readable.push (node:internal/streams/readable:391:5)
    at nextAsync (node:internal/streams/from:194:22) {
  code: 'EREQUEST',
  originalError: Error: Invalid column name 'Observ'.
      at handleError (C:\controlab-ia\backend\node_modules\mssql\lib\tedious\request.js:382:19)
      at Connection.emit (node:events:508:28)
      at Connection.emit (C:\controlab-ia\backend\node_modules\tedious\lib\connection.js:1040:18)
      at RequestTokenHandler.onErrorMessage (C:\controlab-ia\backend\node_modules\tedious\lib\token\handler.js:365:21)
      at Readable.<anonymous> (C:\controlab-ia\backend\node_modules\tedious\lib\token\token-stream-parser.js:26:33)
      at Readable.emit (node:events:508:28)
      at addChunk (node:internal/streams/readable:559:12)
      at readableAddChunkPushObjectMode (node:internal/streams/readable:536:3)
      at Readable.push (node:internal/streams/readable:391:5)
      at nextAsync (node:internal/streams/from:194:22) {
    info: ErrorMessageToken {
      name: 'ERROR',
      handlerName: 'onErrorMessage',
      number: 207,
      state: 1,
      class: 16,
      message: "Invalid column name 'Observ'.",
      serverName: 'CONTROLAB-IA',
      procName: '',
      lineNumber: 7
    }
  },
  number: 207,
  lineNumber: 7,
  state: 1,
  class: 16,
  serverName: 'CONTROLAB-IA',
  procName: '',
  precedingErrors: []
}
🔌 Conexión a Infolab cerrada.
🔌 Conexión a Prisma cerrada.
