
removed 87 packages, changed 7 packages, and audited 171 packages in 9s

47 packages are looking for funding
  run `npm fund` for details

found 0 vulnerabilities
Environment variables loaded from .env
Prisma schema loaded from prisma\schema.prisma
Error: Prisma schema validation - (get-config wasm)
Error code: P1012
error: Argument "url" is missing in data source block "db".
  -->  prisma\schema.prisma:5
   | 
 4 | 
 5 | datasource db {
 6 |   provider = "sqlserver"
 7 | }
   | 

Validation Error Count: 1
[Context: getConfig]

Prisma CLI Version : 5.14.0
node:internal/modules/cjs/loader:686
      throw e;
      ^

Error: Cannot find module 'C:\controlab-h\backend\node_modules\@prisma\client\runtime\client.js'
    at createEsmNotFoundErr (node:internal/modules/cjs/loader:1458:15)
    at finalizeEsmResolution (node:internal/modules/cjs/loader:1447:9)
    at resolveExports (node:internal/modules/cjs/loader:679:14)
    at Module._findPath (node:internal/modules/cjs/loader:746:31)
    at Module._resolveFilename (node:internal/modules/cjs/loader:1406:27)
    at defaultResolveImpl (node:internal/modules/cjs/loader:1059:19)
    at resolveForCJSWithHooks (node:internal/modules/cjs/loader:1064:22)
    at Module._load (node:internal/modules/cjs/loader:1227:37)
    at TracingChannel.traceSync (node:diagnostics_channel:328:14)
    at wrapModuleLoad (node:internal/modules/cjs/loader:245:24) {
  code: 'MODULE_NOT_FOUND',
  path: 'C:\\controlab-h\\backend\\node_modules\\@prisma\\client'
}

Node.js v24.12.0
