[nodemon] 3.1.14
[nodemon] to restart at any time, enter `rs`
[nodemon] watching path(s): *.*
[nodemon] watching extensions: js,mjs,cjs,json
[nodemon] starting `node src/server.js`
◇ injected env (2) from .env // tip: ⌘ suppress logs { quiet: true }
node:internal/modules/cjs/loader:1424
  throw err;
  ^

Error: Cannot find module '@prisma/client'
Require stack:
- C:\controlab-h\backend\src\prismaClient.js
- C:\controlab-h\backend\src\controllers\pacienteController.js
- C:\controlab-h\backend\src\routes\pacienteRoutes.js
- C:\controlab-h\backend\src\server.js
    at Module._resolveFilename (node:internal/modules/cjs/loader:1421:15)
    at defaultResolveImpl (node:internal/modules/cjs/loader:1059:19)
    at resolveForCJSWithHooks (node:internal/modules/cjs/loader:1064:22)
    at Module._load (node:internal/modules/cjs/loader:1227:37)
    at TracingChannel.traceSync (node:diagnostics_channel:328:14)
    at wrapModuleLoad (node:internal/modules/cjs/loader:245:24)
    at Module.require (node:internal/modules/cjs/loader:1504:12)
    at require (node:internal/modules/helpers:152:16)
    at Object.<anonymous> (C:\controlab-h\backend\src\prismaClient.js:1:26)
    at Module._compile (node:internal/modules/cjs/loader:1761:14) {
  code: 'MODULE_NOT_FOUND',
  requireStack: [
    'C:\\controlab-h\\backend\\src\\prismaClient.js',
    'C:\\controlab-h\\backend\\src\\controllers\\pacienteController.js',
    'C:\\controlab-h\\backend\\src\\routes\\pacienteRoutes.js',
    'C:\\controlab-h\\backend\\src\\server.js'
  ]
}

Node.js v24.12.0
[nodemon] app crashed - waiting for file changes before starting...
