

    Directorio: C:\


Mode                LastWriteTime         Length Name                                                                  
----                -------------         ------ ----                                                                  
d-----       01/07/2026      9:13                controlab-h                                                           


    Directorio: C:\controlab-h


Mode                LastWriteTime         Length Name                                                                  
----                -------------         ------ ----                                                                  
d-----       01/07/2026      9:13                backend                                                               
Wrote to C:\controlab-h\backend\package.json:

{
  "name": "backend",
  "version": "1.0.0",
  "description": "",
  "main": "index.js",
  "scripts": {
    "test": "echo \"Error: no test specified\" && exit 1"
  },
  "keywords": [],
  "author": "",
  "license": "ISC",
  "type": "commonjs"
}




added 138 packages, and audited 139 packages in 19s

42 packages are looking for funding
  run `npm fund` for details

found 0 vulnerabilities

added 117 packages, and audited 256 packages in 29s

59 packages are looking for funding
  run `npm fund` for details

3 moderate severity vulnerabilities

To address all issues, run:
  npm audit fix

Run `npm audit` for details.

Initialized Prisma in your project

  prisma/
    schema.prisma
  prisma.config.ts
  .env
  .gitignore

Next, set up your database:
  1. Configure your DATABASE_URL in prisma.config.ts
  2. Run prisma db pull to introspect your database.

Then, define your models in prisma/schema.prisma and run prisma migrate dev to apply your schema.

Learn more: https://pris.ly/getting-started
 


