
> frontend@0.0.0 dev
> vite


  VITE v8.1.2  ready in 375 ms

  ➜  Local:   http://localhost:5173/
  ➜  Network: use --host to expose
9:36:48 [vite] (client) Pre-transform error: [postcss] It looks like you're trying to use `tailwindcss` directly as a PostCSS plugin. The PostCSS plugin has moved to a separate package, so to continue using Tailwind CSS with PostCSS you'll need to install `@tailwindcss/postcss` and update your PostCSS configuration.
  Plugin: vite:css
  File: C:/controlab-h/frontend/src/index.css:undefined:NaN
9:36:48 [vite] Internal server error: [postcss] It looks like you're trying to use `tailwindcss` directly as a PostCSS plugin. The PostCSS plugin has moved to a separate package, so to continue using Tailwind CSS with PostCSS you'll need to install `@tailwindcss/postcss` and update your PostCSS configuration.
  Plugin: vite:css
  File: C:/controlab-h/frontend/src/index.css:undefined:NaN
      at ft (C:\controlab-h\frontend\node_modules\tailwindcss\dist\lib.js:38:1643)
      at LazyResult.runOnRoot (C:\controlab-h\frontend\node_modules\postcss\lib\lazy-result.js:361:16)
      at LazyResult.runAsync (C:\controlab-h\frontend\node_modules\postcss\lib\lazy-result.js:290:26)
      at async runPostCSS (file:///C:/controlab-h/frontend/node_modules/vite/dist/node/chunks/node.js:22214:19)
      at async compilePostCSS (file:///C:/controlab-h/frontend/node_modules/vite/dist/node/chunks/node.js:22198:6)
      at async compileCSS (file:///C:/controlab-h/frontend/node_modules/vite/dist/node/chunks/node.js:22128:26)
      at async TransformPluginContext.handler (file:///C:/controlab-h/frontend/node_modules/vite/dist/node/chunks/node.js:21633:47)
      at async EnvironmentPluginContainer.transform (file:///C:/controlab-h/frontend/node_modules/vite/dist/node/chunks/node.js:29716:14)
      at async loadAndTransform (file:///C:/controlab-h/frontend/node_modules/vite/dist/node/chunks/node.js:19731:26)
      at async viteTransformMiddleware (file:///C:/controlab-h/frontend/node_modules/vite/dist/node/chunks/node.js:24159:20)
9:37:23 [vite] Internal server error: [postcss] It looks like you're trying to use `tailwindcss` directly as a PostCSS plugin. The PostCSS plugin has moved to a separate package, so to continue using Tailwind CSS with PostCSS you'll need to install `@tailwindcss/postcss` and update your PostCSS configuration.
  Plugin: vite:css
  File: C:/controlab-h/frontend/src/index.css:undefined:NaN
      at ft (C:\controlab-h\frontend\node_modules\tailwindcss\dist\lib.js:38:1643)
      at LazyResult.runOnRoot (C:\controlab-h\frontend\node_modules\postcss\lib\lazy-result.js:361:16)
      at LazyResult.runAsync (C:\controlab-h\frontend\node_modules\postcss\lib\lazy-result.js:290:26)
      at async runPostCSS (file:///C:/controlab-h/frontend/node_modules/vite/dist/node/chunks/node.js:22214:19)
      at async compilePostCSS (file:///C:/controlab-h/frontend/node_modules/vite/dist/node/chunks/node.js:22198:6)
      at async compileCSS (file:///C:/controlab-h/frontend/node_modules/vite/dist/node/chunks/node.js:22128:26)
      at async TransformPluginContext.handler (file:///C:/controlab-h/frontend/node_modules/vite/dist/node/chunks/node.js:21633:47)
      at async EnvironmentPluginContainer.transform (file:///C:/controlab-h/frontend/node_modules/vite/dist/node/chunks/node.js:29716:14)
      at async loadAndTransform (file:///C:/controlab-h/frontend/node_modules/vite/dist/node/chunks/node.js:19731:26)
      at async viteTransformMiddleware (file:///C:/controlab-h/frontend/node_modules/vite/dist/node/chunks/node.js:24159:20)
9:42:26 [vite] Internal server error: [postcss] It looks like you're trying to use `tailwindcss` directly as a PostCSS plugin. The PostCSS plugin has moved to a separate package, so to continue using Tailwind CSS with PostCSS you'll need to install `@tailwindcss/postcss` and update your PostCSS configuration.
  Plugin: vite:css
  File: C:/controlab-h/frontend/src/index.css:undefined:NaN
      at ft (C:\controlab-h\frontend\node_modules\tailwindcss\dist\lib.js:38:1643)
      at LazyResult.runOnRoot (C:\controlab-h\frontend\node_modules\postcss\lib\lazy-result.js:361:16)
      at LazyResult.runAsync (C:\controlab-h\frontend\node_modules\postcss\lib\lazy-result.js:290:26)
      at async runPostCSS (file:///C:/controlab-h/frontend/node_modules/vite/dist/node/chunks/node.js:22214:19)
      at async compilePostCSS (file:///C:/controlab-h/frontend/node_modules/vite/dist/node/chunks/node.js:22198:6)
      at async compileCSS (file:///C:/controlab-h/frontend/node_modules/vite/dist/node/chunks/node.js:22128:26)
      at async TransformPluginContext.handler (file:///C:/controlab-h/frontend/node_modules/vite/dist/node/chunks/node.js:21633:47)
      at async EnvironmentPluginContainer.transform (file:///C:/controlab-h/frontend/node_modules/vite/dist/node/chunks/node.js:29716:14)
      at async loadAndTransform (file:///C:/controlab-h/frontend/node_modules/vite/dist/node/chunks/node.js:19731:26)
      at async viteTransformMiddleware (file:///C:/controlab-h/frontend/node_modules/vite/dist/node/chunks/node.js:24159:20)
9:42:31 [vite] Internal server error: [postcss] It looks like you're trying to use `tailwindcss` directly as a PostCSS plugin. The PostCSS plugin has moved to a separate package, so to continue using Tailwind CSS with PostCSS you'll need to install `@tailwindcss/postcss` and update your PostCSS configuration.
  Plugin: vite:css
  File: C:/controlab-h/frontend/src/index.css:undefined:NaN
      at ft (C:\controlab-h\frontend\node_modules\tailwindcss\dist\lib.js:38:1643)
      at LazyResult.runOnRoot (C:\controlab-h\frontend\node_modules\postcss\lib\lazy-result.js:361:16)
      at LazyResult.runAsync (C:\controlab-h\frontend\node_modules\postcss\lib\lazy-result.js:290:26)
      at async runPostCSS (file:///C:/controlab-h/frontend/node_modules/vite/dist/node/chunks/node.js:22214:19)
      at async compilePostCSS (file:///C:/controlab-h/frontend/node_modules/vite/dist/node/chunks/node.js:22198:6)
      at async compileCSS (file:///C:/controlab-h/frontend/node_modules/vite/dist/node/chunks/node.js:22128:26)
      at async TransformPluginContext.handler (file:///C:/controlab-h/frontend/node_modules/vite/dist/node/chunks/node.js:21633:47)
      at async EnvironmentPluginContainer.transform (file:///C:/controlab-h/frontend/node_modules/vite/dist/node/chunks/node.js:29716:14)
      at async loadAndTransform (file:///C:/controlab-h/frontend/node_modules/vite/dist/node/chunks/node.js:19731:26)
      at async viteTransformMiddleware (file:///C:/controlab-h/frontend/node_modules/vite/dist/node/chunks/node.js:24159:20)
9:45:01 [vite] Internal server error: [postcss] It looks like you're trying to use `tailwindcss` directly as a PostCSS plugin. The PostCSS plugin has moved to a separate package, so to continue using Tailwind CSS with PostCSS you'll need to install `@tailwindcss/postcss` and update your PostCSS configuration.
  Plugin: vite:css
  File: C:/controlab-h/frontend/src/index.css:undefined:NaN
      at ft (C:\controlab-h\frontend\node_modules\tailwindcss\dist\lib.js:38:1643)
      at LazyResult.runOnRoot (C:\controlab-h\frontend\node_modules\postcss\lib\lazy-result.js:361:16)
      at LazyResult.runAsync (C:\controlab-h\frontend\node_modules\postcss\lib\lazy-result.js:290:26)
      at async runPostCSS (file:///C:/controlab-h/frontend/node_modules/vite/dist/node/chunks/node.js:22214:19)
      at async compilePostCSS (file:///C:/controlab-h/frontend/node_modules/vite/dist/node/chunks/node.js:22198:6)
      at async compileCSS (file:///C:/controlab-h/frontend/node_modules/vite/dist/node/chunks/node.js:22128:26)
      at async TransformPluginContext.handler (file:///C:/controlab-h/frontend/node_modules/vite/dist/node/chunks/node.js:21633:47)
      at async EnvironmentPluginContainer.transform (file:///C:/controlab-h/frontend/node_modules/vite/dist/node/chunks/node.js:29716:14)
      at async loadAndTransform (file:///C:/controlab-h/frontend/node_modules/vite/dist/node/chunks/node.js:19731:26)
      at async viteTransformMiddleware (file:///C:/controlab-h/frontend/node_modules/vite/dist/node/chunks/node.js:24159:20)
9:45:12 [vite] Internal server error: [postcss] It looks like you're trying to use `tailwindcss` directly as a PostCSS plugin. The PostCSS plugin has moved to a separate package, so to continue using Tailwind CSS with PostCSS you'll need to install `@tailwindcss/postcss` and update your PostCSS configuration.
  Plugin: vite:css
  File: C:/controlab-h/frontend/src/index.css:undefined:NaN
      at ft (C:\controlab-h\frontend\node_modules\tailwindcss\dist\lib.js:38:1643)
      at LazyResult.runOnRoot (C:\controlab-h\frontend\node_modules\postcss\lib\lazy-result.js:361:16)
      at LazyResult.runAsync (C:\controlab-h\frontend\node_modules\postcss\lib\lazy-result.js:290:26)
      at async runPostCSS (file:///C:/controlab-h/frontend/node_modules/vite/dist/node/chunks/node.js:22214:19)
      at async compilePostCSS (file:///C:/controlab-h/frontend/node_modules/vite/dist/node/chunks/node.js:22198:6)
      at async compileCSS (file:///C:/controlab-h/frontend/node_modules/vite/dist/node/chunks/node.js:22128:26)
      at async TransformPluginContext.handler (file:///C:/controlab-h/frontend/node_modules/vite/dist/node/chunks/node.js:21633:47)
      at async EnvironmentPluginContainer.transform (file:///C:/controlab-h/frontend/node_modules/vite/dist/node/chunks/node.js:29716:14)
      at async loadAndTransform (file:///C:/controlab-h/frontend/node_modules/vite/dist/node/chunks/node.js:19731:26)
      at async viteTransformMiddleware (file:///C:/controlab-h/frontend/node_modules/vite/dist/node/chunks/node.js:24159:20)
9:47:56 [vite] (client) hmr update /src/App.jsx
9:47:56 [vite] (client) Pre-transform error: [postcss] It looks like you're trying to use `tailwindcss` directly as a PostCSS plugin. The PostCSS plugin has moved to a separate package, so to continue using Tailwind CSS with PostCSS you'll need to install `@tailwindcss/postcss` and update your PostCSS configuration.
  Plugin: vite:css
  File: C:/controlab-h/frontend/src/index.css:undefined:NaN
9:47:56 [vite] Internal server error: [postcss] It looks like you're trying to use `tailwindcss` directly as a PostCSS plugin. The PostCSS plugin has moved to a separate package, so to continue using Tailwind CSS with PostCSS you'll need to install `@tailwindcss/postcss` and update your PostCSS configuration.
  Plugin: vite:css
  File: C:/controlab-h/frontend/src/index.css:undefined:NaN
      at ft (C:\controlab-h\frontend\node_modules\tailwindcss\dist\lib.js:38:1643)
      at LazyResult.runOnRoot (C:\controlab-h\frontend\node_modules\postcss\lib\lazy-result.js:361:16)
      at LazyResult.runAsync (C:\controlab-h\frontend\node_modules\postcss\lib\lazy-result.js:290:26)
      at async runPostCSS (file:///C:/controlab-h/frontend/node_modules/vite/dist/node/chunks/node.js:22214:19)
      at async compilePostCSS (file:///C:/controlab-h/frontend/node_modules/vite/dist/node/chunks/node.js:22198:6)
      at async compileCSS (file:///C:/controlab-h/frontend/node_modules/vite/dist/node/chunks/node.js:22128:26)
      at async TransformPluginContext.handler (file:///C:/controlab-h/frontend/node_modules/vite/dist/node/chunks/node.js:21633:47)
      at async EnvironmentPluginContainer.transform (file:///C:/controlab-h/frontend/node_modules/vite/dist/node/chunks/node.js:29716:14)
      at async loadAndTransform (file:///C:/controlab-h/frontend/node_modules/vite/dist/node/chunks/node.js:19731:26)
      at async viteTransformMiddleware (file:///C:/controlab-h/frontend/node_modules/vite/dist/node/chunks/node.js:24159:20)
9:49:19 [vite] Internal server error: [postcss] It looks like you're trying to use `tailwindcss` directly as a PostCSS plugin. The PostCSS plugin has moved to a separate package, so to continue using Tailwind CSS with PostCSS you'll need to install `@tailwindcss/postcss` and update your PostCSS configuration.
  Plugin: vite:css
  File: C:/controlab-h/frontend/src/index.css:undefined:NaN
      at ft (C:\controlab-h\frontend\node_modules\tailwindcss\dist\lib.js:38:1643)
      at LazyResult.runOnRoot (C:\controlab-h\frontend\node_modules\postcss\lib\lazy-result.js:361:16)
      at LazyResult.runAsync (C:\controlab-h\frontend\node_modules\postcss\lib\lazy-result.js:290:26)
      at async runPostCSS (file:///C:/controlab-h/frontend/node_modules/vite/dist/node/chunks/node.js:22214:19)
      at async compilePostCSS (file:///C:/controlab-h/frontend/node_modules/vite/dist/node/chunks/node.js:22198:6)
      at async compileCSS (file:///C:/controlab-h/frontend/node_modules/vite/dist/node/chunks/node.js:22128:26)
      at async TransformPluginContext.handler (file:///C:/controlab-h/frontend/node_modules/vite/dist/node/chunks/node.js:21633:47)
      at async EnvironmentPluginContainer.transform (file:///C:/controlab-h/frontend/node_modules/vite/dist/node/chunks/node.js:29716:14)
      at async loadAndTransform (file:///C:/controlab-h/frontend/node_modules/vite/dist/node/chunks/node.js:19731:26)
      at async viteTransformMiddleware (file:///C:/controlab-h/frontend/node_modules/vite/dist/node/chunks/node.js:24159:20)
9:49:45 [vite] Internal server error: [postcss] It looks like you're trying to use `tailwindcss` directly as a PostCSS plugin. The PostCSS plugin has moved to a separate package, so to continue using Tailwind CSS with PostCSS you'll need to install `@tailwindcss/postcss` and update your PostCSS configuration.
  Plugin: vite:css
  File: C:/controlab-h/frontend/src/index.css:undefined:NaN
      at ft (C:\controlab-h\frontend\node_modules\tailwindcss\dist\lib.js:38:1643)
      at LazyResult.runOnRoot (C:\controlab-h\frontend\node_modules\postcss\lib\lazy-result.js:361:16)
      at LazyResult.runAsync (C:\controlab-h\frontend\node_modules\postcss\lib\lazy-result.js:290:26)
      at async runPostCSS (file:///C:/controlab-h/frontend/node_modules/vite/dist/node/chunks/node.js:22214:19)
      at async compilePostCSS (file:///C:/controlab-h/frontend/node_modules/vite/dist/node/chunks/node.js:22198:6)
      at async compileCSS (file:///C:/controlab-h/frontend/node_modules/vite/dist/node/chunks/node.js:22128:26)
      at async TransformPluginContext.handler (file:///C:/controlab-h/frontend/node_modules/vite/dist/node/chunks/node.js:21633:47)
      at async EnvironmentPluginContainer.transform (file:///C:/controlab-h/frontend/node_modules/vite/dist/node/chunks/node.js:29716:14)
      at async loadAndTransform (file:///C:/controlab-h/frontend/node_modules/vite/dist/node/chunks/node.js:19731:26)
      at async viteTransformMiddleware (file:///C:/controlab-h/frontend/node_modules/vite/dist/node/chunks/node.js:24159:20)
