
> controlab-ia-backend@1.0.0 dev
> nodemon server.js

[nodemon] 3.1.10
[nodemon] to restart at any time, enter `rs`
[nodemon] watching path(s): *.*
[nodemon] watching extensions: js,mjs,cjs,json
[nodemon] starting `node server.js`
🚀 Servidor Controlab - IA ejecutándose en puerto 5000
📊 Entorno: development
📊 Obteniendo métricas del dashboard...
🔄 Inicializando Pool de Base de Datos...
✅ Pool de base de datos conectado y listo.
✅ Métricas obtenidas correctamente
📊 Obteniendo métricas del dashboard...
✅ Métricas obtenidas correctamente
📊 GET /api/dashboard/category-distribution - Solicitado
📊 GET /api/dashboard/weekly-movements - Solicitado
✅ Distribución por categoría obtenida: 7 filas
✅ Movimientos semanales obtenidos: { entradasTotal: 0, salidasTotal: 1000 }
📊 GET /api/dashboard/category-distribution - Solicitado
✅ Distribución por categoría obtenida: 7 filas
📊 GET /api/dashboard/weekly-movements - Solicitado
✅ Movimientos semanales obtenidos: { entradasTotal: 0, salidasTotal: 1000 }
📊 Obteniendo métricas del dashboard...
✅ Métricas obtenidas correctamente
📊 Obteniendo métricas del dashboard...
✅ Métricas obtenidas correctamente
📊 GET /api/dashboard/category-distribution - Solicitado
✅ Distribución por categoría obtenida: 7 filas
📊 GET /api/dashboard/weekly-movements - Solicitado
📦 Obteniendo inventario (Screaming Architecture)...
✅ Movimientos semanales obtenidos: { entradasTotal: 0, salidasTotal: 1000 }
✅ Inventario obtenido: 116 items
📊 GET /api/dashboard/category-distribution - Solicitado
✅ Distribución por categoría obtenida: 7 filas
📊 GET /api/dashboard/weekly-movements - Solicitado
✅ Movimientos semanales obtenidos: { entradasTotal: 0, salidasTotal: 1000 }
📦 Obteniendo inventario (Screaming Architecture)...
✅ Inventario obtenido: 116 items
🛒 Obteniendo compras...
🛒 Obteniendo compras...
🚚 Obteniendo lista de pruebas maestras...
🚚 Obteniendo lista de pruebas maestras...
📊 Generando análisis consolidado de costos...
📊 Generando análisis consolidado de costos...
📊 Generando reporte de impacto fiscal por área operativa...
📊 Generando reporte de impacto fiscal por área operativa...
📦 Obteniendo inventario (Screaming Architecture)...
✅ Inventario obtenido: 116 items
📦 Obteniendo inventario (Screaming Architecture)...
✅ Inventario obtenido: 116 items
📊 Obteniendo gastos globales mensuales...
📊 Obteniendo gastos globales mensuales...
🔬 Obteniendo costos por equipo...
🔬 Obteniendo costos por equipo...
🔍 Obteniendo configuración de costo para prueba ID: 3
🧮 Calculando costo para prueba ID: 3, mes: 6, anio: 2026...
🛒 Obteniendo compras...
🛒 Obteniendo compras...
📦 Obteniendo inventario (Screaming Architecture)...
✅ Inventario obtenido: 116 items
📦 Obteniendo inventario (Screaming Architecture)...
🚚 Obteniendo proveedores...
✅ Inventario obtenido: 116 items
🚚 Obteniendo proveedores...
🚚 Obteniendo lista de pruebas maestras...
🚚 Obteniendo lista de pruebas maestras...
📊 Generando análisis consolidado de costos...
📊 Generando análisis consolidado de costos...
📊 Generando reporte de impacto fiscal por área operativa...
📊 Generando reporte de impacto fiscal por área operativa...
📦 Obteniendo inventario (Screaming Architecture)...
✅ Inventario obtenido: 116 items
📦 Obteniendo inventario (Screaming Architecture)...
📊 Obteniendo gastos globales mensuales...
✅ Inventario obtenido: 116 items
🔬 Obteniendo costos por equipo...
📊 Obteniendo gastos globales mensuales...
🔬 Obteniendo costos por equipo...
💾 Guardando costo por equipo: {
  nombre_equipo: 'Architect',
  gasto_soluciones: 0.1,
  gasto_calibradores: 0.3,
  gasto_controles: 0.5,
  total_pruebas_equipo: 15000
}
🚚 Obteniendo lista de pruebas maestras...
📊 Generando análisis consolidado de costos...
📊 Generando reporte de impacto fiscal por área operativa...
📦 Obteniendo inventario (Screaming Architecture)...
✅ Inventario obtenido: 116 items
📊 Obteniendo gastos globales mensuales...
🔬 Obteniendo costos por equipo...
💾 Guardando gastos globales mensuales: {
  mes: 6,
  anio: 2026,
  gastos_administrativos: 20000,
  gastos_personal: 5000,
  total_pruebas_mes: 35000
}
🚚 Obteniendo lista de pruebas maestras...
📊 Generando análisis consolidado de costos...
📊 Generando reporte de impacto fiscal por área operativa...
📦 Obteniendo inventario (Screaming Architecture)...
✅ Inventario obtenido: 116 items
📊 Obteniendo gastos globales mensuales...
🔬 Obteniendo costos por equipo...
🔍 Obteniendo configuración de costo para prueba ID: 3
🧮 Calculando costo para prueba ID: 3, mes: 6, anio: 2026...
💾 Guardando configuración de costo de prueba: {
  prueba_id: 3,
  precio_venta: 5,
  desperdicio_pct: 20,
  pruebas_por_kit: 100,
  reactivo_id: 15057,
  equipo_id: 2,
  consumibles: [
    { item_id: 12048, cantidad: 1, fase: 'TOMA_MUESTRA' },
    { item_id: 12037, cantidad: 1, fase: 'TOMA_MUESTRA' },
    { item_id: 2029, cantidad: 1, fase: 'TOMA_MUESTRA' },
    { item_id: 12042, cantidad: 1, fase: 'TOMA_MUESTRA' },
    { item_id: 16, cantidad: 1, fase: 'PROCESAMIENTO' },
    { item_id: 16, cantidad: 1, fase: 'TOMA_MUESTRA' },
    { item_id: 15059, cantidad: 1, fase: 'TOMA_MUESTRA' },
    { item_id: 15062, cantidad: 1, fase: 'PROCESAMIENTO' }
  ]
}
🧮 Calculando costo para prueba ID: 3, mes: 6, anio: 2026...
