
> controlab-ia-backend@1.0.0 dev
> nodemon server.js

[nodemon] 3.1.10
[nodemon] to restart at any time, enter `rs`
[nodemon] watching path(s): *.*
[nodemon] watching extensions: js,mjs,cjs,json
[nodemon] starting `node server.js`
🚀 Servidor Controlab - IA ejecutándose en puerto 5000
📊 Entorno: development
[nodemon] restarting due to changes...
[nodemon] starting `node server.js`
node:events:486
      throw er; // Unhandled 'error' event
      ^

Error: listen EADDRINUSE: address already in use :::5000
    at Server.setupListenHandle [as _listen2] (node:net:1940:16)
    at listenInCluster (node:net:1997:12)
    at Server.listen (node:net:2102:7)
    at app.listen (C:\controlab-vet\backend\node_modules\express\lib\application.js:635:24)
    at Object.<anonymous> (C:\controlab-vet\backend\server.js:97:5)
    at Module._compile (node:internal/modules/cjs/loader:1761:14)
    at Object..js (node:internal/modules/cjs/loader:1893:10)
    at Module.load (node:internal/modules/cjs/loader:1481:32)
    at Module._load (node:internal/modules/cjs/loader:1300:12)
    at TracingChannel.traceSync (node:diagnostics_channel:328:14)
Emitted 'error' event on Server instance at:
    at emitErrorNT (node:net:1976:8)
    at process.processTicksAndRejections (node:internal/process/task_queues:89:21) {
  code: 'EADDRINUSE',
  errno: -4091,
  syscall: 'listen',
  address: '::',
  port: 5000
}

Node.js v24.12.0
[nodemon] app crashed - waiting for file changes before starting...
[nodemon] restarting due to changes...
[nodemon] starting `node server.js`
🚀 Servidor Controlab - IA ejecutándose en puerto 5000
📊 Entorno: development
[nodemon] restarting due to changes...
[nodemon] starting `node server.js`
node:events:486
      throw er; // Unhandled 'error' event
      ^

Error: listen EADDRINUSE: address already in use :::5000
    at Server.setupListenHandle [as _listen2] (node:net:1940:16)
    at listenInCluster (node:net:1997:12)
    at Server.listen (node:net:2102:7)
    at app.listen (C:\controlab-vet\backend\node_modules\express\lib\application.js:635:24)
    at Object.<anonymous> (C:\controlab-vet\backend\server.js:97:5)
    at Module._compile (node:internal/modules/cjs/loader:1761:14)
    at Object..js (node:internal/modules/cjs/loader:1893:10)
    at Module.load (node:internal/modules/cjs/loader:1481:32)
    at Module._load (node:internal/modules/cjs/loader:1300:12)
    at TracingChannel.traceSync (node:diagnostics_channel:328:14)
Emitted 'error' event on Server instance at:
    at emitErrorNT (node:net:1976:8)
    at process.processTicksAndRejections (node:internal/process/task_queues:89:21) {
  code: 'EADDRINUSE',
  errno: -4091,
  syscall: 'listen',
  address: '::',
  port: 5000
}

Node.js v24.12.0
[nodemon] app crashed - waiting for file changes before starting...
[nodemon] restarting due to changes...
[nodemon] starting `node server.js`
🚀 Servidor Controlab - IA ejecutándose en puerto 5000
📊 Entorno: development
[nodemon] restarting due to changes...
[nodemon] starting `node server.js`
node:events:486
      throw er; // Unhandled 'error' event
      ^

Error: listen EADDRINUSE: address already in use :::5000
    at Server.setupListenHandle [as _listen2] (node:net:1940:16)
    at listenInCluster (node:net:1997:12)
    at Server.listen (node:net:2102:7)
    at app.listen (C:\controlab-vet\backend\node_modules\express\lib\application.js:635:24)
    at Object.<anonymous> (C:\controlab-vet\backend\server.js:97:5)
    at Module._compile (node:internal/modules/cjs/loader:1761:14)
    at Object..js (node:internal/modules/cjs/loader:1893:10)
    at Module.load (node:internal/modules/cjs/loader:1481:32)
    at Module._load (node:internal/modules/cjs/loader:1300:12)
    at TracingChannel.traceSync (node:diagnostics_channel:328:14)
Emitted 'error' event on Server instance at:
    at emitErrorNT (node:net:1976:8)
    at process.processTicksAndRejections (node:internal/process/task_queues:89:21) {
  code: 'EADDRINUSE',
  errno: -4091,
  syscall: 'listen',
  address: '::',
  port: 5000
}

Node.js v24.12.0
[nodemon] app crashed - waiting for file changes before starting...
[nodemon] restarting due to changes...
[nodemon] starting `node server.js`
🚀 Servidor Controlab - IA ejecutándose en puerto 5000
📊 Entorno: development
[nodemon] restarting due to changes...
[nodemon] starting `node server.js`
node:events:486
      throw er; // Unhandled 'error' event
      ^

Error: listen EADDRINUSE: address already in use :::5000
    at Server.setupListenHandle [as _listen2] (node:net:1940:16)
    at listenInCluster (node:net:1997:12)
    at Server.listen (node:net:2102:7)
    at app.listen (C:\controlab-vet\backend\node_modules\express\lib\application.js:635:24)
    at Object.<anonymous> (C:\controlab-vet\backend\server.js:97:5)
    at Module._compile (node:internal/modules/cjs/loader:1761:14)
    at Object..js (node:internal/modules/cjs/loader:1893:10)
    at Module.load (node:internal/modules/cjs/loader:1481:32)
    at Module._load (node:internal/modules/cjs/loader:1300:12)
    at TracingChannel.traceSync (node:diagnostics_channel:328:14)
Emitted 'error' event on Server instance at:
    at emitErrorNT (node:net:1976:8)
    at process.processTicksAndRejections (node:internal/process/task_queues:89:21) {
  code: 'EADDRINUSE',
  errno: -4091,
  syscall: 'listen',
  address: '::',
  port: 5000
}

Node.js v24.12.0
[nodemon] app crashed - waiting for file changes before starting...
[nodemon] restarting due to changes...
[nodemon] starting `node server.js`
🚀 Servidor Controlab - IA ejecutándose en puerto 5000
📊 Entorno: development
[nodemon] restarting due to changes...
[nodemon] starting `node server.js`
node:events:486
      throw er; // Unhandled 'error' event
      ^

Error: listen EADDRINUSE: address already in use :::5000
    at Server.setupListenHandle [as _listen2] (node:net:1940:16)
    at listenInCluster (node:net:1997:12)
    at Server.listen (node:net:2102:7)
    at app.listen (C:\controlab-vet\backend\node_modules\express\lib\application.js:635:24)
    at Object.<anonymous> (C:\controlab-vet\backend\server.js:97:5)
    at Module._compile (node:internal/modules/cjs/loader:1761:14)
    at Object..js (node:internal/modules/cjs/loader:1893:10)
    at Module.load (node:internal/modules/cjs/loader:1481:32)
    at Module._load (node:internal/modules/cjs/loader:1300:12)
    at TracingChannel.traceSync (node:diagnostics_channel:328:14)
Emitted 'error' event on Server instance at:
    at emitErrorNT (node:net:1976:8)
    at process.processTicksAndRejections (node:internal/process/task_queues:89:21) {
  code: 'EADDRINUSE',
  errno: -4091,
  syscall: 'listen',
  address: '::',
  port: 5000
}

Node.js v24.12.0
[nodemon] app crashed - waiting for file changes before starting...
[nodemon] restarting due to changes...
[nodemon] starting `node server.js`
🚀 Servidor Controlab - IA ejecutándose en puerto 5000
📊 Entorno: development
🔐 Login intent: admin
📦 Obteniendo inventario (Screaming Architecture)...
✅ Inventario obtenido: 0 items
📦 Obteniendo inventario (Screaming Architecture)...
✅ Inventario obtenido: 0 items
[nodemon] restarting due to changes...
[nodemon] starting `node server.js`
node:events:486
      throw er; // Unhandled 'error' event
      ^

Error: listen EADDRINUSE: address already in use :::5000
    at Server.setupListenHandle [as _listen2] (node:net:1940:16)
    at listenInCluster (node:net:1997:12)
    at Server.listen (node:net:2102:7)
    at app.listen (C:\controlab-vet\backend\node_modules\express\lib\application.js:635:24)
    at Object.<anonymous> (C:\controlab-vet\backend\server.js:97:5)
    at Module._compile (node:internal/modules/cjs/loader:1761:14)
    at Object..js (node:internal/modules/cjs/loader:1893:10)
    at Module.load (node:internal/modules/cjs/loader:1481:32)
    at Module._load (node:internal/modules/cjs/loader:1300:12)
    at TracingChannel.traceSync (node:diagnostics_channel:328:14)
Emitted 'error' event on Server instance at:
    at emitErrorNT (node:net:1976:8)
    at process.processTicksAndRejections (node:internal/process/task_queues:89:21) {
  code: 'EADDRINUSE',
  errno: -4091,
  syscall: 'listen',
  address: '::',
  port: 5000
}

Node.js v24.12.0
[nodemon] app crashed - waiting for file changes before starting...
[nodemon] restarting due to changes...
[nodemon] starting `node server.js`
🚀 Servidor Controlab - IA ejecutándose en puerto 5000
📊 Entorno: development
[nodemon] restarting due to changes...
[nodemon] starting `node server.js`
node:events:486
      throw er; // Unhandled 'error' event
      ^

Error: listen EADDRINUSE: address already in use :::5000
    at Server.setupListenHandle [as _listen2] (node:net:1940:16)
    at listenInCluster (node:net:1997:12)
    at Server.listen (node:net:2102:7)
    at app.listen (C:\controlab-vet\backend\node_modules\express\lib\application.js:635:24)
    at Object.<anonymous> (C:\controlab-vet\backend\server.js:97:5)
    at Module._compile (node:internal/modules/cjs/loader:1761:14)
    at Object..js (node:internal/modules/cjs/loader:1893:10)
    at Module.load (node:internal/modules/cjs/loader:1481:32)
    at Module._load (node:internal/modules/cjs/loader:1300:12)
    at TracingChannel.traceSync (node:diagnostics_channel:328:14)
Emitted 'error' event on Server instance at:
    at emitErrorNT (node:net:1976:8)
    at process.processTicksAndRejections (node:internal/process/task_queues:89:21) {
  code: 'EADDRINUSE',
  errno: -4091,
  syscall: 'listen',
  address: '::',
  port: 5000
}

Node.js v24.12.0
[nodemon] app crashed - waiting for file changes before starting...
