Launching headless Chrome for Reports test...
Connecting to Chrome debugger...
Connecting to: ws://localhost:9222/devtools/page/6FB8EBAD0D1B5EF695F6BC1C71059651
Performing login and redirecting to reports...
[BROWSER CONSOLE]: %cDownload the React DevTools for a better development experience: https://reactjs.org/link/react-devtools font-weight:bold
[BROWSER CONSOLE]: ⚠️ React Router Future Flag Warning: React Router will begin wrapping state updates in `React.startTransition` in v7. You can use the `v7_startTransition` future flag to opt-in early. For more information, see https://reactrouter.com/v6/upgrading/future#v7_starttransition.
[BROWSER CONSOLE]: ⚠️ React Router Future Flag Warning: Relative route resolution within Splat routes is changing in v7. You can use the `v7_relativeSplatPath` future flag to opt-in early. For more information, see https://reactrouter.com/v6/upgrading/future#v7_relativesplatpath.
[BROWSER CONSOLE]: The width(-1) and height(-1) of chart should be greater than 0,
       please check the style of container, or the props width(100%) and height(100%),
       or add a minWidth(0) or minHeight(undefined) or use aspect(undefined) to control the
       height and width.
[BROWSER CONSOLE]: The width(-1) and height(-1) of chart should be greater than 0,
       please check the style of container, or the props width(100%) and height(100%),
       or add a minWidth(0) or minHeight(undefined) or use aspect(undefined) to control the
       height and width.
[BROWSER CONSOLE]: The width(-1) and height(-1) of chart should be greater than 0,
       please check the style of container, or the props width(100%) and height(100%),
       or add a minWidth(0) or minHeight(undefined) or use aspect(undefined) to control the
       height and width.
[BROWSER CONSOLE]: The width(-1) and height(-1) of chart should be greater than 0,
       please check the style of container, or the props width(100%) and height(100%),
       or add a minWidth(0) or minHeight(undefined) or use aspect(undefined) to control the
       height and width.
Checking if reports page rendered...
[EVALUATE RESULT]: {"url":"http://localhost:3000/reports","hasTitle":true,"hasRecharts":true,"hasTables":2,"hasBreedTitle":true,"hasBreedPoodle":true,"hasAI":true}
Reports test complete. Shutting down Chrome...
