Launching headless Chrome for Reports test...
Connecting to Chrome debugger...
Connecting to: ws://localhost:9222/devtools/page/80F11C5EE63C252331B71278AEA02043
Performing login and redirecting to reports...
[BROWSER CONSOLE]: Sending login request from browser...
[BROWSER CONSOLE]: Login successful! Redirecting to /reports...
[EVALUATE RESULT]: redirecting
[BROWSER CONSOLE]: %cDownload the React DevTools for a better development experience: https://reactjs.org/link/react-devtools font-weight:bold
[BROWSER CONSOLE]: ⚠️ React Router Future Flag Warning: React Router will begin wrapping state updates in `React.startTransition` in v7. You can use the `v7_startTransition` future flag to opt-in early. For more information, see https://reactrouter.com/v6/upgrading/future#v7_starttransition.
[BROWSER CONSOLE]: The width(-1) and height(-1) of chart should be greater than 0,
       please check the style of container, or the props width(100%) and height(100%),
       or add a minWidth(0) or minHeight(undefined) or use aspect(undefined) to control the
       height and width.
[BROWSER CONSOLE]: The width(-1) and height(-1) of chart should be greater than 0,
       please check the style of container, or the props width(100%) and height(100%),
       or add a minWidth(0) or minHeight(undefined) or use aspect(undefined) to control the
       height and width.
Checking if reports page rendered...
[EVALUATE RESULT]: {"url":"http://localhost:3000/reports","hasTitle":true,"hasRecharts":true,"hasTables":2,"hasBreedTitle":true,"hasBreedPoodle":true,"hasAI":true}
Reports test complete. Shutting down Chrome...
