npm warn EBADENGINE Unsupported engine {
npm warn EBADENGINE   package: '@azure/msal-node@1.18.4',
npm warn EBADENGINE   required: { node: '10 || 12 || 14 || 16 || 18' },
npm warn EBADENGINE   current: { node: 'v24.12.0', npm: '11.6.2' }
npm warn EBADENGINE }
npm warn deprecated rimraf@2.7.1: Rimraf versions prior to v4 are no longer supported
npm warn deprecated lodash.isequal@4.5.0: This package is deprecated. Use require('node:util').isDeepStrictEqual instead.
npm warn deprecated inflight@1.0.6: This module is not supported, and leaks memory. Do not use it. Check out lru-cache if you want a good and tested way to coalesce async requests by a key value, which is much more comprehensive and powerful.
npm warn deprecated glob@7.2.3: Glob versions prior to v9 are no longer supported
npm warn deprecated fstream@1.0.12: This package is no longer supported.
npm warn deprecated node-domexception@1.0.0: Use your platform's native DOMException instead
npm warn deprecated @azure/msal-node@1.18.4: A newer major version of this library is available. Please upgrade to the latest available version.

added 505 packages, and audited 506 packages in 19s

108 packages are looking for funding
  run `npm fund` for details

23 vulnerabilities (12 moderate, 11 high)

To address issues that do not require attention, run:
  npm audit fix

To address all issues possible (including breaking changes), run:
  npm audit fix --force

Some issues need review, and may require choosing
a different dependency.

Run `npm audit` for details.
