npm warn EBADENGINE Unsupported engine {
npm warn EBADENGINE   package: '@azure/msal-node@1.18.4',
npm warn EBADENGINE   required: { node: '10 || 12 || 14 || 16 || 18' },
npm warn EBADENGINE   current: { node: 'v24.12.0', npm: '11.6.2' }
npm warn EBADENGINE }

removed 16 packages, and audited 468 packages in 2s

105 packages are looking for funding
  run `npm fund` for details

21 vulnerabilities (12 moderate, 9 high)

To address issues that do not require attention, run:
  npm audit fix

To address all issues possible (including breaking changes), run:
  npm audit fix --force

Some issues need review, and may require choosing
a different dependency.

Run `npm audit` for details.
npm warn EBADENGINE Unsupported engine {
npm warn EBADENGINE   package: '@azure/msal-node@1.18.4',
npm warn EBADENGINE   required: { node: '10 || 12 || 14 || 16 || 18' },
npm warn EBADENGINE   current: { node: 'v24.12.0', npm: '11.6.2' }
npm warn EBADENGINE }

added 88 packages, and audited 556 packages in 16s

119 packages are looking for funding
  run `npm fund` for details

24 vulnerabilities (15 moderate, 9 high)

To address issues that do not require attention, run:
  npm audit fix

To address all issues possible (including breaking changes), run:
  npm audit fix --force

Some issues need review, and may require choosing
a different dependency.

Run `npm audit` for details.
npm warn EBADENGINE Unsupported engine {
npm warn EBADENGINE   package: '@azure/msal-node@1.18.4',
npm warn EBADENGINE   required: { node: '10 || 12 || 14 || 16 || 18' },
npm warn EBADENGINE   current: { node: 'v24.12.0', npm: '11.6.2' }
npm warn EBADENGINE }

added 2 packages, and audited 558 packages in 6s

119 packages are looking for funding
  run `npm fund` for details

24 vulnerabilities (15 moderate, 9 high)

To address issues that do not require attention, run:
  npm audit fix

To address all issues possible (including breaking changes), run:
  npm audit fix --force

Some issues need review, and may require choosing
a different dependency.

Run `npm audit` for details.
