🚀 Servidor Controlab - IA ejecutándose en puerto 5000
📊 Entorno: development
🔐 Login intent: admin
📦 Obteniendo inventario (Screaming Architecture)...
✅ Inventario obtenido: 109 items
📦 Obteniendo inventario (Screaming Architecture)...
✅ Inventario obtenido: 109 items
📦 Obteniendo inventario (Screaming Architecture)...
✅ Inventario obtenido: 109 items
📦 Obteniendo inventario (Screaming Architecture)...
✅ Inventario obtenido: 109 items
🤖 Pregunta recibida (Screaming Arch): Mostrar stock crítico
🤖 Pregunta recibida (Screaming Arch): Items por vencer
🤖 Pregunta recibida (Screaming Arch): Resumen del inventario
🤖 Pregunta recibida (Screaming Arch): Items más costosos
🤖 Pregunta recibida (Screaming Arch): Movimientos recientes
🤖 Pregunta recibida (Screaming Arch): Análisis por categorías
🤖 Pregunta recibida (Screaming Arch): Pronóstico de reposición
🤖 Pregunta recibida (Screaming Arch): Items agotados
🤖 Pregunta recibida (Screaming Arch): Reactivos y Lotes Reactivos
🤖 Pregunta recibida (Screaming Arch): Análisis de proveedores
